Component: ARM Compiler 5.06 update 7 (build 960) Tool: armlink [4d3601]

==============================================================================

Section Cross References

    startup_stm32f103xb.o(RESET) refers to startup_stm32f103xb.o(STACK) for __initial_sp
    startup_stm32f103xb.o(RESET) refers to startup_stm32f103xb.o(.text) for Reset_Handler
    startup_stm32f103xb.o(RESET) refers to stm32f1xx_it.o(i.NMI_Handler) for NMI_Handler
    startup_stm32f103xb.o(RESET) refers to stm32f1xx_it.o(i.HardFault_Handler) for HardFault_Handler
    startup_stm32f103xb.o(RESET) refers to stm32f1xx_it.o(i.MemManage_Handler) for MemManage_Handler
    startup_stm32f103xb.o(RESET) refers to stm32f1xx_it.o(i.BusFault_Handler) for BusFault_Handler
    startup_stm32f103xb.o(RESET) refers to stm32f1xx_it.o(i.UsageFault_Handler) for UsageFault_Handler
    startup_stm32f103xb.o(RESET) refers to port.o(.emb_text) for SVC_Handler
    startup_stm32f103xb.o(RESET) refers to stm32f1xx_it.o(i.DebugMon_Handler) for DebugMon_Handler
    startup_stm32f103xb.o(RESET) refers to port.o(i.SysTick_Handler) for SysTick_Handler
    startup_stm32f103xb.o(RESET) refers to stm32f1xx_it.o(i.TIM1_UP_IRQHandler) for TIM1_UP_IRQHandler
    startup_stm32f103xb.o(RESET) refers to stm32f1xx_it.o(i.TIM2_IRQHandler) for TIM2_IRQHandler
    startup_stm32f103xb.o(RESET) refers to stm32f1xx_it.o(i.USART2_IRQHandler) for USART2_IRQHandler
    startup_stm32f103xb.o(.text) refers to system_stm32f1xx.o(i.SystemInit) for SystemInit
    startup_stm32f103xb.o(.text) refers to entry.o(.ARM.Collect$$$$00000000) for __main
    main.o(i.HAL_TIM_PeriodElapsedCallback) refers to stm32f1xx_hal.o(i.HAL_IncTick) for HAL_IncTick
    main.o(i.MX_ADC1_Init) refers to stm32f1xx_hal_adc.o(i.HAL_ADC_Init) for HAL_ADC_Init
    main.o(i.MX_ADC1_Init) refers to stm32f1xx_hal_adc.o(i.HAL_ADC_ConfigChannel) for HAL_ADC_ConfigChannel
    main.o(i.MX_ADC1_Init) refers to main.o(.bss) for .bss
    main.o(i.MX_ADC2_Init) refers to stm32f1xx_hal_adc.o(i.HAL_ADC_Init) for HAL_ADC_Init
    main.o(i.MX_ADC2_Init) refers to stm32f1xx_hal_adc.o(i.HAL_ADC_ConfigChannel) for HAL_ADC_ConfigChannel
    main.o(i.MX_ADC2_Init) refers to main.o(.bss) for .bss
    main.o(i.MX_GPIO_Init) refers to stm32f1xx_hal_gpio.o(i.HAL_GPIO_WritePin) for HAL_GPIO_WritePin
    main.o(i.MX_GPIO_Init) refers to stm32f1xx_hal_gpio.o(i.HAL_GPIO_Init) for HAL_GPIO_Init
    main.o(i.MX_SPI1_Init) refers to stm32f1xx_hal_spi.o(i.HAL_SPI_Init) for HAL_SPI_Init
    main.o(i.MX_SPI1_Init) refers to main.o(.bss) for .bss
    main.o(i.MX_TIM1_Init) refers to stm32f1xx_hal_tim.o(i.HAL_TIM_Base_Init) for HAL_TIM_Base_Init
    main.o(i.MX_TIM1_Init) refers to stm32f1xx_hal_tim.o(i.HAL_TIM_ConfigClockSource) for HAL_TIM_ConfigClockSource
    main.o(i.MX_TIM1_Init) refers to stm32f1xx_hal_tim_ex.o(i.HAL_TIMEx_MasterConfigSynchronization) for HAL_TIMEx_MasterConfigSynchronization
    main.o(i.MX_TIM1_Init) refers to main.o(.bss) for .bss
    main.o(i.MX_TIM3_Init) refers to stm32f1xx_hal_tim.o(i.HAL_TIM_Base_Init) for HAL_TIM_Base_Init
    main.o(i.MX_TIM3_Init) refers to stm32f1xx_hal_tim.o(i.HAL_TIM_ConfigClockSource) for HAL_TIM_ConfigClockSource
    main.o(i.MX_TIM3_Init) refers to stm32f1xx_hal_tim_ex.o(i.HAL_TIMEx_MasterConfigSynchronization) for HAL_TIMEx_MasterConfigSynchronization
    main.o(i.MX_TIM3_Init) refers to main.o(.bss) for .bss
    main.o(i.SystemClock_Config) refers to memseta.o(.text) for __aeabi_memclr4
    main.o(i.SystemClock_Config) refers to stm32f1xx_hal_rcc.o(i.HAL_RCC_OscConfig) for HAL_RCC_OscConfig
    main.o(i.SystemClock_Config) refers to stm32f1xx_hal_rcc.o(i.HAL_RCC_ClockConfig) for HAL_RCC_ClockConfig
    main.o(i.SystemClock_Config) refers to stm32f1xx_hal_rcc_ex.o(i.HAL_RCCEx_PeriphCLKConfig) for HAL_RCCEx_PeriphCLKConfig
    main.o(i.main) refers to stm32f1xx_hal.o(i.HAL_Init) for HAL_Init
    main.o(i.main) refers to main.o(i.SystemClock_Config) for SystemClock_Config
    main.o(i.main) refers to main.o(i.MX_GPIO_Init) for MX_GPIO_Init
    main.o(i.main) refers to main.o(i.MX_ADC1_Init) for MX_ADC1_Init
    main.o(i.main) refers to main.o(i.MX_ADC2_Init) for MX_ADC2_Init
    main.o(i.main) refers to main.o(i.MX_SPI1_Init) for MX_SPI1_Init
    main.o(i.main) refers to main.o(i.MX_TIM1_Init) for MX_TIM1_Init
    main.o(i.main) refers to main.o(i.MX_TIM3_Init) for MX_TIM3_Init
    main.o(i.main) refers to stm32f1xx_hal_uart.o(i.HAL_UART_Init) for HAL_UART_Init
    main.o(i.main) refers to fatfs.o(i.MX_FATFS_Init) for MX_FATFS_Init
    main.o(i.main) refers to stm32f1xx_hal_i2c.o(i.HAL_I2C_Init) for HAL_I2C_Init
    main.o(i.main) refers to file_handling_rtos.o(i.Mount_SD) for Mount_SD
    main.o(i.main) refers to file_handling_rtos.o(i.Format_SD) for Format_SD
    main.o(i.main) refers to file_handling_rtos.o(i.Create_File) for Create_File
    main.o(i.main) refers to file_handling_rtos.o(i.Unmount_SD) for Unmount_SD
    main.o(i.main) refers to ds3231.o(i.setSeconds) for setSeconds
[...]
    .constdata                               0x080079bc   Section       16  system_stm32f1xx.o(.constdata)
    .constdata                               0x080079cc   Section        8  system_stm32f1xx.o(.constdata)
    .constdata                               0x080079d4   Section      156  ff.o(.constdata)
    ExCvt                                    0x080079d4   Data         128  ff.o(.constdata)
    cst                                      0x08007a54   Data          14  ff.o(.constdata)
    cst32                                    0x08007a62   Data          14  ff.o(.constdata)
    .constdata                               0x08007a70   Section      129  ctype_o.o(.constdata)
    .constdata                               0x08007af4   Section        4  ctype_o.o(.constdata)
    table                                    0x08007af4   Data           4  ctype_o.o(.constdata)
    .conststring                             0x08007af8   Section      101  main.o(.conststring)
    .data                                    0x20000000   Section       76  main.o(.data)
    .data                                    0x2000004c   Section        3  stm32f1xx_it.o(.data)
    .data                                    0x20000050   Section        8  dht.o(.data)
    .data                                    0x20000058   Section        3  fatfs_sd.o(.data)
    Stat                                     0x20000058   Data           1  fatfs_sd.o(.data)
    PowerFlag                                0x20000059   Data           1  fatfs_sd.o(.data)
    CardType                                 0x2000005a   Data           1  fatfs_sd.o(.data)
    .data                                    0x2000005c   Section       12  file_handling_rtos.o(.data)
    .data                                    0x20000068   Section       20  ds3231.o(.data)
    res                                      0x20000068   Data           2  ds3231.o(.data)
    res                                      0x2000006a   Data           2  ds3231.o(.data)
    .data                                    0x2000007c   Section       20  user_diskio.o(.data)
    .data                                    0x20000090   Section        5  fatfs.o(.data)
    .data                                    0x20000098   Section       12  stm32f1xx_hal.o(.data)
    .data                                    0x200000a4   Section        4  system_stm32f1xx.o(.data)
    .data                                    0x200000a8   Section        8  ff.o(.data)
    Fsid                                     0x200000a8   Data           2  ff.o(.data)
    FatFs                                    0x200000ac   Data           4  ff.o(.data)
    .data                                    0x200000b0   Section       60  tasks.o(.data)
    pxDelayedTaskList                        0x200000b4   Data           4  tasks.o(.data)
    pxOverflowDelayedTaskList                0x200000b8   Data           4  tasks.o(.data)
    uxDeletedTasksWaitingCleanUp             0x200000bc   Data           4  tasks.o(.data)
    uxCurrentNumberOfTasks                   0x200000c0   Data           4  tasks.o(.data)
    xTickCount                               0x200000c4   Data           4  tasks.o(.data)
    uxTopReadyPriority                       0x200000c8   Data           4  tasks.o(.data)
    xSchedulerRunning                        0x200000cc   Data           4  tasks.o(.data)
    uxPendedTicks                            0x200000d0   Data           4  tasks.o(.data)
    xYieldPending                            0x200000d4   Data           4  tasks.o(.data)
    xNumOfOverflows                          0x200000d8   Data           4  tasks.o(.data)
    uxTaskNumber                             0x200000dc   Data           4  tasks.o(.data)
    xNextTaskUnblockTime                     0x200000e0   Data           4  tasks.o(.data)
    xIdleTaskHandle                          0x200000e4   Data           4  tasks.o(.data)
    uxSchedulerSuspended                     0x200000e8   Data           4  tasks.o(.data)
    .data                                    0x200000ec   Section       24  heap_4.o(.data)
    pxEnd                                    0x200000ec   Data           4  heap_4.o(.data)
    xFreeBytesRemaining                      0x200000f0   Data           4  heap_4.o(.data)
    xMinimumEverFreeBytesRemaining           0x200000f4   Data           4  heap_4.o(.data)
    xBlockAllocatedBit                       0x200000f8   Data           4  heap_4.o(.data)
    xStart                                   0x200000fc   Data           8  heap_4.o(.data)
    .data                                    0x20000104   Section       12  port.o(.data)
    ucMaxSysCallPriority                     0x20000104   Data           1  port.o(.data)
    uxCriticalNesting                        0x20000108   Data           4  port.o(.data)
    ulMaxPRIGROUPValue                       0x2000010c   Data           4  port.o(.data)
    .data                                    0x20000110   Section        4  errno.o(.data)
    _errno                                   0x20000110   Data           4  errno.o(.data)
    .bss                                     0x20000114   Section      540  main.o(.bss)
    .bss                                     0x20000330   Section       72  stm32f1xx_hal_timebase_tim.o(.bss)
    .bss                                     0x20000378   Section     1148  file_handling_rtos.o(.bss)
    .bss                                     0x200007f4   Section      256  ds3231.o(.bss)
    .bss                                     0x200008f4   Section       32  ff.o(.bss)
    Files                                    0x200008f4   Data          32  ff.o(.bss)
    .bss                                     0x20000914   Section       12  ff_gen_drv.o(.bss)
    .bss                                     0x20000920   Section       64  queue.o(.bss)
    .bss                                     0x20000960   Section      240  tasks.o(.bss)
    pxReadyTasksLists                        0x20000960   Data         140  tasks.o(.bss)
    xDelayedTaskList1                        0x200009ec   Data          20  tasks.o(.bss)
    xDelayedTaskList2                        0x20000a00   Data          20  tasks.o(.bss)
    xPendingReadyList                        0x20000a14   Data          20  tasks.o(.bss)
    xTasksWaitingTermination                 0x20000a28   Data          20  tasks.o(.bss)
    xSuspendedTaskList                       0x20000a3c   Data          20  tasks.o(.bss)
    .bss                                     0x20000a50   Section     3072  heap_4.o(.bss)
    ucHeap                                   0x20000a50   Data        3072  heap_4.o(.bss)
    STACK                                    0x20001650   Section     1024  startup_stm32f103xb.o(STACK)

    Global Symbols

    Symbol Name                              Value     Ov Type        Size  Object(Section)

    BuildAttributes$$THM_ISAv4$P$D$K$B$S$PE$A:L22UL41UL21$X:L11$S22US41US21$IEEE1$IW$USESV6$~STKCKD$USESV7$~SHL$OTIME$ROPI$EBA8$MICROLIB$REQ8$PRES8$EABIv2 0x00000000   Number         0  anon$$obj.o ABSOLUTE
    __ARM_use_no_argv                        0x00000000   Number         0  main.o ABSOLUTE
    _printf_a                                0x00000000   Number         0  stubs.o ABSOLUTE
    _printf_c                                0x00000000   Number         0  stubs.o ABSOLUTE
    _printf_charcount                        0x00000000   Number         0  stubs.o ABSOLUTE
    _printf_d                                0x00000000   Number         0  stubs.o ABSOLUTE
    _printf_e                                0x00000000   Number         0  stubs.o ABSOLUTE
    _printf_f                                0x00000000   Number         0  stubs.o ABSOLUTE
    _printf_flags                            0x00000000   Number         0  stubs.o ABSOLUTE
    _printf_fp_dec                           0x00000000   Number         0  stubs.o ABSOLUTE
    _printf_fp_hex                           0x00000000   Number         0  stubs.o ABSOLUTE
    _printf_g                                0x00000000   Number         0  stubs.o ABSOLUTE
    _printf_i                                0x00000000   Number         0  stubs.o ABSOLUTE
    _printf_int_dec                          0x00000000   Number         0  stubs.o ABSOLUTE
    _printf_l                                0x00000000   Number         0  stubs.o ABSOLUTE
    _printf_lc                               0x00000000   Number         0  stubs.o ABSOLUTE
    _printf_ll                               0x00000000   Number         0  stubs.o ABSOLUTE
    _printf_lld                              0x00000000   Number         0  stubs.o ABSOLUTE
    _printf_lli                              0x00000000   Number         0  stubs.o ABSOLUTE
    _printf_llo                              0x00000000   Number         0  stubs.o ABSOLUTE
    _printf_llu                              0x00000000   Number         0  stubs.o ABSOLUTE
    _printf_llx                              0x00000000   Number         0  stubs.o ABSOLUTE
    _printf_longlong_dec                     0x00000000   Number         0  stubs.o ABSOLUTE
    _printf_longlong_hex                     0x00000000   Number         0  stubs.o ABSOLUTE
    _printf_longlong_oct                     0x00000000   Number         0  stubs.o ABSOLUTE
    _printf_ls                               0x00000000   Number         0  stubs.o ABSOLUTE
    _printf_mbtowc                           0x00000000   Number         0  stubs.o ABSOLUTE
    _printf_n                                0x00000000   Number         0  stubs.o ABSOLUTE
    _printf_o                                0x00000000   Number         0  stubs.o ABSOLUTE
    _printf_p                                0x00000000   Number         0  stubs.o ABSOLUTE
    _printf_percent                          0x00000000   Number         0  stubs.o ABSOLUTE
    _printf_pre_padding                      0x00000000   Number         0  stubs.o ABSOLUTE
    _printf_return_value                     0x00000000   Number         0  stubs.o ABSOLUTE
    _printf_s                                0x00000000   Number         0  stubs.o ABSOLUTE
    _printf_sizespec                         0x00000000   Number         0  stubs.o ABSOLUTE
    _printf_str                              0x00000000   Number         0  stubs.o ABSOLUTE
    _printf_truncate_signed                  0x00000000   Number         0  stubs.o ABSOLUTE
    _printf_truncate_unsigned                0x00000000   Number         0  stubs.o ABSOLUTE
    _printf_u                                0x00000000   Number         0  stubs.o ABSOLUTE
    _printf_wc                               0x00000000   Number         0  stubs.o ABSOLUTE
    _printf_wctomb                           0x00000000   Number         0  stubs.o ABSOLUTE
    _printf_widthprec                        0x00000000   Number         0  stubs.o ABSOLUTE
    _printf_x                                0x00000000   Number         0  stubs.o ABSOLUTE
    __arm_fini_                               - Undefined Weak Reference
    __cpp_initialize__aeabi_                  - Undefined Weak Reference
    __cxa_finalize                            - Undefined Weak Reference
    __decompress                              - Undefined Weak Reference
    _clock_init                               - Undefined Weak Reference
    _microlib_exit                            - Undefined Weak Reference
    __Vectors_Size                           0x000000ec   Number         0  startup_stm32f103xb.o ABSOLUTE
    __Vectors                                0x08000000   Data           4  startup_stm32f103xb.o(RESET)
    __Vectors_End                            0x080000ec   Data           0  startup_stm32f103xb.o(RESET)
    __main                                   0x080000ed   Thumb Code     0  entry.o(.ARM.Collect$$$$00000000)
    _main_stk                                0x080000ed   Thumb Code     0  entry2.o(.ARM.Collect$$$$00000001)
    _main_scatterload                        0x080000f1   Thumb Code     0  entry5.o(.ARM.Collect$$$$00000004)
    __main_after_scatterload                 0x080000f5   Thumb Code     0  entry5.o(.ARM.Collect$$$$00000004)
    _main_clock                              0x080000f5   Thumb Code     0  entry7b.o(.ARM.Collect$$$$00000008)
    _main_cpp_init                           0x080000f5   Thumb Code     0  entry8b.o(.ARM.Collect$$$$0000000A)
    _main_init                               0x080000f5   Thumb Code     0  entry9a.o(.ARM.Collect$$$$0000000B)
    __rt_lib_shutdown_fini                   0x080000fd   Thumb Code     0  entry12b.o(.ARM.Collect$$$$0000000E)
    __rt_final_cpp                           0x08000101   Thumb Code     0  entry10a.o(.ARM.Collect$$$$0000000F)
    __rt_final_exit                          0x08000101   Thumb Code     0  entry11a.o(.ARM.Collect$$$$00000011)
    SVC_Handler                              0x08000105   Thumb Code    32  port.o(.emb_text)
    __asm___6_port_c_39a90d8d__prvStartFirstTask 0x08000129   Thumb Code    28  port.o(.emb_text)
    PendSV_Handler                           0x08000149   Thumb Code    72  port.o(.emb_text)
    vPortGetIPSR                             0x08000195   Thumb Code     6  port.o(.emb_text)
    Reset_Handler                            0x0800019d   Thumb Code     8  startup_stm32f103xb.o(.text)
    ADC1_2_IRQHandler                        0x080001b7   Thumb Code     0  startup_stm32f103xb.o(.text)
    CAN1_RX1_IRQHandler                      0x080001b7   Thumb Code     0  startup_stm32f103xb.o(.text)
    CAN1_SCE_IRQHandler                      0x080001b7   Thumb Code     0  startup_stm32f103xb.o(.text)
    DMA1_Channel1_IRQHandler                 0x080001b7   Thumb Code     0  startup_stm32f103xb.o(.text)
    DMA1_Channel2_IRQHandler                 0x080001b7   Thumb Code     0  startup_stm32f103xb.o(.text)
    DMA1_Channel3_IRQHandler                 0x080001b7   Thumb Code     0  startup_stm32f103xb.o(.text)
    DMA1_Channel4_IRQHandler                 0x080001b7   Thumb Code     0  startup_stm32f103xb.o(.text)
    DMA1_Channel5_IRQHandler                 0x080001b7   Thumb Code     0  startup_stm32f103xb.o(.text)
    DMA1_Channel6_IRQHandler                 0x080001b7   Thumb Code     0  startup_stm32f103xb.o(.text)
    DMA1_Channel7_IRQHandler                 0x080001b7   Thumb Code     0  startup_stm32f103xb.o(.text)
    EXTI0_IRQHandler                         0x080001b7   Thumb Code     0  startup_stm32f103xb.o(.text)
    EXTI15_10_IRQHandler                     0x080001b7   Thumb Code     0  startup_stm32f103xb.o(.text)
    EXTI1_IRQHandler                         0x080001b7   Thumb Code     0  startup_stm32f103xb.o(.text)
    EXTI2_IRQHandler                         0x080001b7   Thumb Code     0  startup_stm32f103xb.o(.text)
    EXTI3_IRQHandler                         0x080001b7   Thumb Code     0  startup_stm32f103xb.o(.text)
    EXTI4_IRQHandler                         0x080001b7   Thumb Code     0  startup_stm32f103xb.o(.text)
    EXTI9_5_IRQHandler                       0x080001b7   Thumb Code     0  startup_stm32f103xb.o(.text)
    FLASH_IRQHandler                         0x080001b7   Thumb Code     0  startup_stm32f103xb.o(.text)
    I2C1_ER_IRQHandler                       0x080001b7   Thumb Code     0  startup_stm32f103xb.o(.text)
    I2C1_EV_IRQHandler                       0x080001b7   Thumb Code     0  startup_stm32f103xb.o(.text)
    I2C2_ER_IRQHandler                       0x080001b7   Thumb Code     0  startup_stm32f103xb.o(.text)
    I2C2_EV_IRQHandler                       0x080001b7   Thumb Code     0  startup_stm32f103xb.o(.text)
    PVD_IRQHandler                           0x080001b7   Thumb Code     0  startup_stm32f103xb.o(.text)
    RCC_IRQHandler                           0x080001b7   Thumb Code     0  startup_stm32f103xb.o(.text)
    RTC_Alarm_IRQHandler                     0x080001b7   Thumb Code     0  startup_stm32f103xb.o(.text)
    RTC_IRQHandler                           0x080001b7   Thumb Code     0  startup_stm32f103xb.o(.text)
    SPI1_IRQHandler                          0x080001b7   Thumb Code     0  startup_stm32f103xb.o(.text)
    SPI2_IRQHandler                          0x080001b7   Thumb Code     0  startup_stm32f103xb.o(.text)
    TAMPER_IRQHandler                        0x080001b7   Thumb Code     0  startup_stm32f103xb.o(.text)
    TIM1_BRK_IRQHandler                      0x080001b7   Thumb Code     0  startup_stm32f103xb.o(.text)
    TIM1_CC_IRQHandler                       0x080001b7   Thumb Code     0  startup_stm32f103xb.o(.text)
    TIM1_TRG_COM_IRQHandler                  0x080001b7   Thumb Code     0  startup_stm32f103xb.o(.text)
    TIM3_IRQHandler                          0x080001b7   Thumb Code     0  startup_stm32f103xb.o(.text)
    TIM4_IRQHandler                          0x080001b7   Thumb Code     0  startup_stm32f103xb.o(.text)
    USART1_IRQHandler                        0x080001b7   Thumb Code     0  startup_stm32f103xb.o(.text)
    USART3_IRQHandler                        0x080001b7   Thumb Code     0  startup_stm32f103xb.o(.text)
    USBWakeUp_IRQHandler                     0x080001b7   Thumb Code     0  startup_stm32f103xb.o(.text)
    USB_HP_CAN1_TX_IRQHandler                0x080001b7   Thumb Code     0  startup_stm32f103xb.o(.text)
    USB_LP_CAN1_RX0_IRQHandler               0x080001b7   Thumb Code     0  startup_stm32f103xb.o(.text)
    WWDG_IRQHandler                          0x080001b7   Thumb Code     0  startup_stm32f103xb.o(.text)
    __aeabi_llsr                             0x080001c1   Thumb Code    32  llushr.o(.text)
    _ll_ushift_r                             0x080001c1   Thumb Code     0  llushr.o(.text)
    __aeabi_memcpy                           0x080001e1   Thumb Code    36  memcpya.o(.text)
    __aeabi_memcpy4                          0x080001e1   Thumb Code     0  memcpya.o(.text)
    __aeabi_memcpy8                          0x080001e1   Thumb Code     0  memcpya.o(.text)
    __aeabi_memset                           0x08000205   Thumb Code    14  memseta.o(.text)
    __aeabi_memset4                          0x08000205   Thumb Code     0  memseta.o(.text)
    __aeabi_memset8                          0x08000205   Thumb Code     0  memseta.o(.text)
    __aeabi_memclr                           0x08000213   Thumb Code     4  memseta.o(.text)
    __aeabi_memclr4                          0x08000213   Thumb Code     0  memseta.o(.text)
    __aeabi_memclr8                          0x08000213   Thumb Code     0  memseta.o(.text)
    memset                                   0x08000217   Thumb Code    18  memseta.o(.text)
    strlen                                   0x08000229   Thumb Code    14  strlen.o(.text)
    strcmp                                   0x08000237   Thumb Code    28  strcmp.o(.text)
    atoi                                     0x08000253   Thumb Code    26  atoi.o(.text)
    __aeabi_fadd                             0x0800026d   Thumb Code   164  fadd.o(.text)
    __aeabi_fsub                             0x08000311   Thumb Code     6  fadd.o(.text)
    __aeabi_frsub                            0x08000317   Thumb Code     6  fadd.o(.text)
    __aeabi_fdiv                             0x0800031d   Thumb Code   124  fdiv.o(.text)
    __aeabi_dmul                             0x08000399   Thumb Code   228  dmul.o(.text)
    __aeabi_ddiv                             0x0800047d   Thumb Code   222  ddiv.o(.text)
    __aeabi_ui2f                             0x0800055b   Thumb Code    10  ffltui.o(.text)
    __aeabi_ui2d                             0x08000565   Thumb Code    26  dfltui.o(.text)
    __aeabi_f2d                              0x0800057f   Thumb Code    38  f2d.o(.text)
    __aeabi_d2f                              0x080005a5   Thumb Code    56  d2f.o(.text)
    __aeabi_uidiv                            0x080005dd   Thumb Code     0  uidiv.o(.text)
    __aeabi_uidivmod                         0x080005dd   Thumb Code    44  uidiv.o(.text)
    __aeabi_uldivmod                         0x08000609   Thumb Code    98  uldiv.o(.text)
    strtol                                   0x0800066b   Thumb Code   112  strtol.o(.text)
    __I$use$fp                               0x080006db   Thumb Code     0  iusefp.o(.text)
    _float_round                             0x080006db   Thumb Code    18  fepilogue.o(.text)
    _float_epilogue                          0x080006ed   Thumb Code    92  fepilogue.o(.text)
    _double_round                            0x08000749   Thumb Code    30  depilogue.o(.text)
    _double_epilogue                         0x08000767   Thumb Code   156  depilogue.o(.text)
    __aeabi_dadd                             0x08000803   Thumb Code   322  dadd.o(.text)
    __aeabi_dsub                             0x08000945   Thumb Code     6  dadd.o(.text)
    __aeabi_drsub                            0x0800094b   Thumb Code     6  dadd.o(.text)
    __aeabi_d2ulz                            0x08000951   Thumb Code    48  dfixul.o(.text)
    __aeabi_cdrcmple                         0x08000981   Thumb Code    48  cdrcmple.o(.text)
    __scatterload                            0x080009b1   Thumb Code    28  init.o(.text)
    __scatterload_rt2                        0x080009b1   Thumb Code     0  init.o(.text)
    __aeabi_llsl                             0x080009d5   Thumb Code    30  llshl.o(.text)
    _ll_shift_l                              0x080009d5   Thumb Code     0  llshl.o(.text)
    __aeabi_lasr                             0x080009f3   Thumb Code    36  llsshr.o(.text)
    _ll_sshift_r                             0x080009f3   Thumb Code     0  llsshr.o(.text)
    __rt_ctype_table                         0x08000a19   Thumb Code     4  ctype_o.o(.text)
    _strtoul                                 0x08000a21   Thumb Code   158  _strtoul.o(.text)
    _chval                                   0x08000abf   Thumb Code    28  _chval.o(.text)
    ADC_ConversionStop_Disable               0x08000add   Thumb Code    76  stm32f1xx_hal_adc.o(i.ADC_ConversionStop_Disable)
    ADC_Enable                               0x08000b29   Thumb Code   104  stm32f1xx_hal_adc.o(i.ADC_Enable)
    BCD2DEC                                  0x08000b99   Thumb Code    18  ds3231.o(i.BCD2DEC)
    BusFault_Handler                         0x08000bab   Thumb Code     2  stm32f1xx_it.o(i.BusFault_Handler)
    Create_File                              0x08000bad   Thumb Code   156  file_handling_rtos.o(i.Create_File)
    DEC2BCD                                  0x08000d39   Thumb Code    22  ds3231.o(i.DEC2BCD)
    DHT_Check_Response                       0x08000d61   Thumb Code    60  dht.o(i.DHT_Check_Response)
    DHT_GetData                              0x08000da1   Thumb Code    82  dht.o(i.DHT_GetData)
    DHT_Read                                 0x08000df9   Thumb Code    88  dht.o(i.DHT_Read)
    DHT_Start                                0x08000e55   Thumb Code    62  dht.o(i.DHT_Start)
    DS3231_sendData                          0x08000e99   Thumb Code    64  ds3231.o(i.DS3231_sendData)
    DS3231_setDate                           0x08000ef9   Thumb Code   110  ds3231.o(i.DS3231_setDate)
    DWT_Delay_Init                           0x08000f85   Thumb Code    58  dht.o(i.DWT_Delay_Init)
    DebugMon_Handler                         0x08000fc9   Thumb Code     2  stm32f1xx_it.o(i.DebugMon_Handler)
    FATFS_LinkDriver                         0x08000fcb   Thumb Code     6  ff_gen_drv.o(i.FATFS_LinkDriver)
    FATFS_LinkDriverEx                       0x08000fd1   Thumb Code    60  ff_gen_drv.o(i.FATFS_LinkDriverEx)
    Format_SD                                0x08001011   Thumb Code   102  file_handling_rtos.o(i.Format_SD)
    HAL_ADC_ConfigChannel                    0x08001095   Thumb Code   240  stm32f1xx_hal_adc.o(i.HAL_ADC_ConfigChannel)
    HAL_ADC_GetValue                         0x08001191   Thumb Code     6  stm32f1xx_hal_adc.o(i.HAL_ADC_GetValue)
    HAL_ADC_Init                             0x08001199   Thumb Code   272  stm32f1xx_hal_adc.o(i.HAL_ADC_Init)
    HAL_ADC_MspInit                          0x080012b5   Thumb Code   124  stm32f1xx_hal_msp.o(i.HAL_ADC_MspInit)
    HAL_ADC_PollForConversion                0x08001345   Thumb Code   290  stm32f1xx_hal_adc.o(i.HAL_ADC_PollForConversion)
    HAL_ADC_Start                            0x08001475   Thumb Code   184  stm32f1xx_hal_adc.o(i.HAL_ADC_Start)
    HAL_ADC_Stop                             0x08001535   Thumb Code    52  stm32f1xx_hal_adc.o(i.HAL_ADC_Stop)
    HAL_DMA_Abort_IT                         0x08001569   Thumb Code   148  stm32f1xx_hal_dma.o(i.HAL_DMA_Abort_IT)
    HAL_Delay                                0x08001601   Thumb Code    32  stm32f1xx_hal.o(i.HAL_Delay)
    HAL_GPIO_Init                            0x08001625   Thumb Code   446  stm32f1xx_hal_gpio.o(i.HAL_GPIO_Init)
    HAL_GPIO_ReadPin                         0x08001805   Thumb Code    10  stm32f1xx_hal_gpio.o(i.HAL_GPIO_ReadPin)
    HAL_GPIO_TogglePin                       0x0800180f   Thumb Code    16  stm32f1xx_hal_gpio.o(i.HAL_GPIO_TogglePin)
    HAL_GPIO_WritePin                        0x0800181f   Thumb Code    10  stm32f1xx_hal_gpio.o(i.HAL_GPIO_WritePin)
    HAL_GetTick                              0x08001829   Thumb Code     6  stm32f1xx_hal.o(i.HAL_GetTick)
    HAL_I2C_GetError                         0x08001835   Thumb Code     4  stm32f1xx_hal_i2c.o(i.HAL_I2C_GetError)
    HAL_I2C_GetState                         0x08001839   Thumb Code     6  stm32f1xx_hal_i2c.o(i.HAL_I2C_GetState)
    HAL_I2C_Init                             0x08001841   Thumb Code   376  stm32f1xx_hal_i2c.o(i.HAL_I2C_Init)
    HAL_I2C_Master_Receive                   0x080019c9   Thumb Code   564  stm32f1xx_hal_i2c.o(i.HAL_I2C_Master_Receive)
    HAL_I2C_Master_Transmit                  0x08001c0d   Thumb Code   290  stm32f1xx_hal_i2c.o(i.HAL_I2C_Master_Transmit)
    HAL_I2C_MspInit                          0x08001d39   Thumb Code    80  stm32f1xx_hal_msp.o(i.HAL_I2C_MspInit)
    HAL_IncTick                              0x08001d95   Thumb Code    12  stm32f1xx_hal.o(i.HAL_IncTick)
    HAL_Init                                 0x08001da5   Thumb Code    32  stm32f1xx_hal.o(i.HAL_Init)
    HAL_InitTick                             0x08001dc9   Thumb Code   102  stm32f1xx_hal_timebase_tim.o(i.HAL_InitTick)
    HAL_MspInit                              0x08001e3d   Thumb Code    52  stm32f1xx_hal_msp.o(i.HAL_MspInit)
    HAL_NVIC_EnableIRQ                       0x08001e79   Thumb Code    26  stm32f1xx_hal_cortex.o(i.HAL_NVIC_EnableIRQ)
    HAL_NVIC_SetPriority                     0x08001e95   Thumb Code    60  stm32f1xx_hal_cortex.o(i.HAL_NVIC_SetPriority)
    HAL_NVIC_SetPriorityGrouping             0x08001ed5   Thumb Code    26  stm32f1xx_hal_cortex.o(i.HAL_NVIC_SetPriorityGrouping)
    HAL_RCCEx_GetPeriphCLKFreq               0x08001ef9   Thumb Code   166  stm32f1xx_hal_rcc_ex.o(i.HAL_RCCEx_GetPeriphCLKFreq)
    HAL_RCCEx_PeriphCLKConfig                0x08001fc1   Thumb Code   224  stm32f1xx_hal_rcc_ex.o(i.HAL_RCCEx_PeriphCLKConfig)
    HAL_RCC_ClockConfig                      0x080020ad   Thumb Code   280  stm32f1xx_hal_rcc.o(i.HAL_RCC_ClockConfig)
    HAL_RCC_GetClockConfig                   0x080021d9   Thumb Code    54  stm32f1xx_hal_rcc.o(i.HAL_RCC_GetClockConfig)
    HAL_RCC_GetHCLKFreq                      0x08002219   Thumb Code     6  stm32f1xx_hal_rcc.o(i.HAL_RCC_GetHCLKFreq)
    HAL_RCC_GetPCLK1Freq                     0x08002225   Thumb Code    20  stm32f1xx_hal_rcc.o(i.HAL_RCC_GetPCLK1Freq)
    HAL_RCC_GetPCLK2Freq                     0x08002245   Thumb Code    20  stm32f1xx_hal_rcc.o(i.HAL_RCC_GetPCLK2Freq)
    HAL_RCC_GetSysClockFreq                  0x08002265   Thumb Code    74  stm32f1xx_hal_rcc.o(i.HAL_RCC_GetSysClockFreq)
    HAL_RCC_OscConfig                        0x080022d1   Thumb Code   778  stm32f1xx_hal_rcc.o(i.HAL_RCC_OscConfig)
    HAL_SPI_GetState                         0x080025f1   Thumb Code     6  stm32f1xx_hal_spi.o(i.HAL_SPI_GetState)
    HAL_SPI_Init                             0x080025f7   Thumb Code   178  stm32f1xx_hal_spi.o(i.HAL_SPI_Init)
    HAL_SPI_MspInit                          0x080026a9   Thumb Code    98  stm32f1xx_hal_msp.o(i.HAL_SPI_MspInit)
    HAL_SPI_Transmit                         0x08002719   Thumb Code   358  stm32f1xx_hal_spi.o(i.HAL_SPI_Transmit)
    HAL_SPI_TransmitReceive                  0x0800287f   Thumb Code   482  stm32f1xx_hal_spi.o(i.HAL_SPI_TransmitReceive)
    HAL_TIMEx_BreakCallback                  0x08002a61   Thumb Code     2  stm32f1xx_hal_tim_ex.o(i.HAL_TIMEx_BreakCallback)
    HAL_TIMEx_CommutCallback                 0x08002a63   Thumb Code     2  stm32f1xx_hal_tim_ex.o(i.HAL_TIMEx_CommutCallback)
    HAL_TIMEx_MasterConfigSynchronization    0x08002a65   Thumb Code    92  stm32f1xx_hal_tim_ex.o(i.HAL_TIMEx_MasterConfigSynchronization)
    HAL_TIM_Base_Init                        0x08002acd   Thumb Code    90  stm32f1xx_hal_tim.o(i.HAL_TIM_Base_Init)
    HAL_TIM_Base_MspInit                     0x08002b29   Thumb Code    72  stm32f1xx_hal_msp.o(i.HAL_TIM_Base_MspInit)
    HAL_TIM_Base_Start_IT                    0x08002b7d   Thumb Code    76  stm32f1xx_hal_tim.o(i.HAL_TIM_Base_Start_IT)
    HAL_TIM_ConfigClockSource                0x08002bd5   Thumb Code   214  stm32f1xx_hal_tim.o(i.HAL_TIM_ConfigClockSource)
    HAL_TIM_IC_CaptureCallback               0x08002cab   Thumb Code     2  stm32f1xx_hal_tim.o(i.HAL_TIM_IC_CaptureCallback)
    HAL_TIM_IRQHandler                       0x08002cad   Thumb Code   358  stm32f1xx_hal_tim.o(i.HAL_TIM_IRQHandler)
    HAL_TIM_OC_DelayElapsedCallback          0x08002e13   Thumb Code     2  stm32f1xx_hal_tim.o(i.HAL_TIM_OC_DelayElapsedCallback)
    HAL_TIM_PWM_PulseFinishedCallback        0x08002e15   Thumb Code     2  stm32f1xx_hal_tim.o(i.HAL_TIM_PWM_PulseFinishedCallback)
    HAL_TIM_PeriodElapsedCallback            0x08002e17   Thumb Code    14  main.o(i.HAL_TIM_PeriodElapsedCallback)
    HAL_TIM_TriggerCallback                  0x08002e25   Thumb Code     2  stm32f1xx_hal_tim.o(i.HAL_TIM_TriggerCallback)
    HAL_UART_ErrorCallback                   0x08002e27   Thumb Code     2  stm32f1xx_hal_uart.o(i.HAL_UART_ErrorCallback)
    HAL_UART_IRQHandler                      0x08002e29   Thumb Code   344  stm32f1xx_hal_uart.o(i.HAL_UART_IRQHandler)
    HAL_UART_Init                            0x08002f85   Thumb Code    98  stm32f1xx_hal_uart.o(i.HAL_UART_Init)
    HAL_UART_MspInit                         0x08002fe9   Thumb Code   200  stm32f1xx_hal_msp.o(i.HAL_UART_MspInit)
    HAL_UART_RxCpltCallback                  0x080030c1   Thumb Code     2  stm32f1xx_hal_uart.o(i.HAL_UART_RxCpltCallback)
    HAL_UART_Transmit                        0x080030c5   Thumb Code   178  stm32f1xx_hal_uart.o(i.HAL_UART_Transmit)
    HAL_UART_TxCpltCallback                  0x08003177   Thumb Code     2  stm32f1xx_hal_uart.o(i.HAL_UART_TxCpltCallback)
    HardFault_Handler                        0x08003179   Thumb Code     2  stm32f1xx_it.o(i.HardFault_Handler)
    I2C_ReadCalendarData                     0x08003331   Thumb Code    94  ds3231.o(i.I2C_ReadCalendarData)
    MX_FATFS_Init                            0x08003629   Thumb Code    18  fatfs.o(i.MX_FATFS_Init)
    MemManage_Handler                        0x080037b9   Thumb Code     2  stm32f1xx_it.o(i.MemManage_Handler)
    Mount_SD                                 0x080037bd   Thumb Code    32  file_handling_rtos.o(i.Mount_SD)
    NMI_Handler                              0x0800382d   Thumb Code     2  stm32f1xx_it.o(i.NMI_Handler)
    SDTimer_Handler                          0x08003831   Thumb Code    26  stm32f1xx_it.o(i.SDTimer_Handler)
    SD_disk_initialize                       0x08003a0d   Thumb Code   304  fatfs_sd.o(i.SD_disk_initialize)
    SD_disk_ioctl                            0x08003b45   Thumb Code   318  fatfs_sd.o(i.SD_disk_ioctl)
    SD_disk_read                             0x08003c89   Thumb Code   146  fatfs_sd.o(i.SD_disk_read)
    SD_disk_status                           0x08003d21   Thumb Code    12  fatfs_sd.o(i.SD_disk_status)
    SD_disk_write                            0x08003d31   Thumb Code   178  fatfs_sd.o(i.SD_disk_write)
    Send_Uart                                0x08003f25   Thumb Code    26  file_handling_rtos.o(i.Send_Uart)
    Set_Pin_Input                            0x08003f45   Thumb Code    20  dht.o(i.Set_Pin_Input)
    Set_Pin_Output                           0x08003f59   Thumb Code    24  dht.o(i.Set_Pin_Output)
    SysTick_Handler                          0x08003f71   Thumb Code    38  port.o(i.SysTick_Handler)
    SystemClock_Config                       0x08003f9d   Thumb Code    96  main.o(i.SystemClock_Config)
    SystemInit                               0x08003ffd   Thumb Code     2  system_stm32f1xx.o(i.SystemInit)
    TIM1_UP_IRQHandler                       0x08004001   Thumb Code     6  stm32f1xx_it.o(i.TIM1_UP_IRQHandler)
    TIM2_IRQHandler                          0x0800400d   Thumb Code    34  stm32f1xx_it.o(i.TIM2_IRQHandler)
    TIM_Base_SetConfig                       0x08004039   Thumb Code    94  stm32f1xx_hal_tim.o(i.TIM_Base_SetConfig)
    TIM_ETR_SetConfig                        0x080040a5   Thumb Code    20  stm32f1xx_hal_tim.o(i.TIM_ETR_SetConfig)
    USART2_IRQHandler                        0x080042e5   Thumb Code     6  stm32f1xx_it.o(i.USART2_IRQHandler)
    USER_initialize                          0x080042f1   Thumb Code     4  user_diskio.o(i.USER_initialize)
    USER_ioctl                               0x080042f5   Thumb Code     4  user_diskio.o(i.USER_ioctl)
    USER_read                                0x080042f9   Thumb Code     4  user_diskio.o(i.USER_read)
    USER_status                              0x080042fd   Thumb Code     4  user_diskio.o(i.USER_status)
    USER_write                               0x08004301   Thumb Code     4  user_diskio.o(i.USER_write)
    Unmount_SD                               0x08004305   Thumb Code    32  file_handling_rtos.o(i.Unmount_SD)
    Update_File                              0x08004375   Thumb Code   202  file_handling_rtos.o(i.Update_File)
    UsageFault_Handler                       0x08004521   Thumb Code     2  stm32f1xx_it.o(i.UsageFault_Handler)
    __0sprintf                               0x08004525   Thumb Code    34  printfa.o(i.__0sprintf)
    __1sprintf                               0x08004525   Thumb Code     0  printfa.o(i.__0sprintf)
    __2sprintf                               0x08004525   Thumb Code     0  printfa.o(i.__0sprintf)
    __c89sprintf                             0x08004525   Thumb Code     0  printfa.o(i.__0sprintf)
    sprintf                                  0x08004525   Thumb Code     0  printfa.o(i.__0sprintf)
    __aeabi_errno_addr                       0x0800456d   Thumb Code     4  errno.o(i.__aeabi_errno_addr)
    __rt_errno_addr                          0x0800456d   Thumb Code     0  errno.o(i.__aeabi_errno_addr)
    __scatterload_copy                       0x08004575   Thumb Code    14  handlers.o(i.__scatterload_copy)
    __scatterload_null                       0x08004583   Thumb Code     2  handlers.o(i.__scatterload_null)
    __scatterload_zeroinit                   0x08004585   Thumb Code    14  handlers.o(i.__scatterload_zeroinit)
    disk_initialize                          0x080053d1   Thumb Code    36  diskio.o(i.disk_initialize)
    disk_ioctl                               0x080053f9   Thumb Code    24  diskio.o(i.disk_ioctl)
    disk_read                                0x08005415   Thumb Code    24  diskio.o(i.disk_read)
    disk_status                              0x08005431   Thumb Code    18  diskio.o(i.disk_status)
    disk_write                               0x08005449   Thumb Code    24  diskio.o(i.disk_write)
    f_close                                  0x08005465   Thumb Code    48  ff.o(i.f_close)
    f_closedir                               0x08005495   Thumb Code    42  ff.o(i.f_closedir)
    f_mount                                  0x080054c1   Thumb Code   118  ff.o(i.f_mount)
    f_open                                   0x0800553d   Thumb Code   528  ff.o(i.f_open)
    f_opendir                                0x08005751   Thumb Code   138  ff.o(i.f_opendir)
    f_readdir                                0x080057db   Thumb Code    80  ff.o(i.f_readdir)
    f_stat                                   0x0800582b   Thumb Code    68  ff.o(i.f_stat)
    f_sync                                   0x0800586f   Thumb Code   162  ff.o(i.f_sync)
    f_unlink                                 0x08005911   Thumb Code   172  ff.o(i.f_unlink)
    f_write                                  0x080059bd   Thumb Code   438  ff.o(i.f_write)
    ff_cre_syncobj                           0x08005b73   Thumb Code    28  syscall.o(i.ff_cre_syncobj)
    ff_del_syncobj                           0x08005b8f   Thumb Code    10  syscall.o(i.ff_del_syncobj)
    ff_rel_grant                             0x08005b99   Thumb Code     4  syscall.o(i.ff_rel_grant)
    ff_req_grant                             0x08005b9d   Thumb Code    20  syscall.o(i.ff_req_grant)
    get_fattime                              0x08005f43   Thumb Code     4  fatfs.o(i.get_fattime)
    main                                     0x080060cd   Thumb Code  1014  main.o(i.main)
    osSemaphoreCreate                        0x08006555   Thumb Code    62  cmsis_os.o(i.osSemaphoreCreate)
    osSemaphoreDelete                        0x08006593   Thumb Code    24  cmsis_os.o(i.osSemaphoreDelete)
    osSemaphoreRelease                       0x080065ad   Thumb Code    74  cmsis_os.o(i.osSemaphoreRelease)
    osSemaphoreWait                          0x080065fd   Thumb Code    96  cmsis_os.o(i.osSemaphoreWait)
    pvPortMalloc                             0x080069a5   Thumb Code   210  heap_4.o(i.pvPortMalloc)
    pvTaskIncrementMutexHeldCount            0x08006a7d   Thumb Code    18  tasks.o(i.pvTaskIncrementMutexHeldCount)
    readDate                                 0x08006a95   Thumb Code     8  ds3231.o(i.readDate)
    readHours                                0x08006aa1   Thumb Code     8  ds3231.o(i.readHours)
    readMinutes                              0x08006aad   Thumb Code     8  ds3231.o(i.readMinutes)
    readMonth                                0x08006ab9   Thumb Code     8  ds3231.o(i.readMonth)
    readSeconds                              0x08006ac5   Thumb Code     8  ds3231.o(i.readSeconds)
    readYear                                 0x08006ad1   Thumb Code     8  ds3231.o(i.readYear)
    retrnAsString                            0x08006b51   Thumb Code    44  ds3231.o(i.retrnAsString)
    setDate                                  0x08006b89   Thumb Code    12  ds3231.o(i.setDate)
    setHour                                  0x08006b99   Thumb Code    12  ds3231.o(i.setHour)
    setMinutes                               0x08006ba9   Thumb Code    12  ds3231.o(i.setMinutes)
    setMonth                                 0x08006bb9   Thumb Code    12  ds3231.o(i.setMonth)
    setSeconds                               0x08006bc9   Thumb Code    12  ds3231.o(i.setSeconds)
    setYear                                  0x08006bd9   Thumb Code    12  ds3231.o(i.setYear)
    uxListRemove                             0x08006d1b   Thumb Code    38  list.o(i.uxListRemove)
    vListInitialise                          0x08006d41   Thumb Code    22  list.o(i.vListInitialise)
    vListInsert                              0x08006d57   Thumb Code    48  list.o(i.vListInsert)
    vListInsertEnd                           0x08006d87   Thumb Code    24  list.o(i.vListInsertEnd)
    vPortEnterCritical                       0x08006da1   Thumb Code    54  port.o(i.vPortEnterCritical)
    vPortExitCritical                        0x08006de1   Thumb Code    34  port.o(i.vPortExitCritical)
    vPortFree                                0x08006e09   Thumb Code    88  heap_4.o(i.vPortFree)
    vPortValidateInterruptPriority           0x08006e65   Thumb Code    74  port.o(i.vPortValidateInterruptPriority)
    vQueueDelete                             0x08006eb9   Thumb Code    46  queue.o(i.vQueueDelete)
    vQueueUnregisterQueue                    0x08006ee9   Thumb Code    36  queue.o(i.vQueueUnregisterQueue)
    vTaskInternalSetTimeOutState             0x08006f11   Thumb Code    12  tasks.o(i.vTaskInternalSetTimeOutState)
    vTaskMissedYield                         0x08006f21   Thumb Code     8  tasks.o(i.vTaskMissedYield)
    vTaskPlaceOnEventList                    0x08006f2d   Thumb Code    44  tasks.o(i.vTaskPlaceOnEventList)
    vTaskPriorityDisinheritAfterTimeout      0x08006f5d   Thumb Code   160  tasks.o(i.vTaskPriorityDisinheritAfterTimeout)
    vTaskSuspendAll                          0x08007005   Thumb Code    10  tasks.o(i.vTaskSuspendAll)
    vTaskSwitchContext                       0x08007015   Thumb Code    82  tasks.o(i.vTaskSwitchContext)
    xQueueGenericCreate                      0x080070b9   Thumb Code    72  queue.o(i.xQueueGenericCreate)
    xQueueGenericCreateStatic                0x08007101   Thumb Code   102  queue.o(i.xQueueGenericCreateStatic)
    xQueueGenericReset                       0x08007169   Thumb Code   132  queue.o(i.xQueueGenericReset)
    xQueueGenericSend                        0x080071f1   Thumb Code   346  queue.o(i.xQueueGenericSend)
    xQueueGiveFromISR                        0x08007351   Thumb Code   156  queue.o(i.xQueueGiveFromISR)
    xQueueReceiveFromISR                     0x080073ed   Thumb Code   154  queue.o(i.xQueueReceiveFromISR)
    xQueueSemaphoreTake                      0x08007489   Thumb Code   372  queue.o(i.xQueueSemaphoreTake)
    xTaskCheckForTimeOut                     0x08007601   Thumb Code   112  tasks.o(i.xTaskCheckForTimeOut)
    xTaskGetSchedulerState                   0x08007675   Thumb Code    22  tasks.o(i.xTaskGetSchedulerState)
    xTaskIncrementTick                       0x08007691   Thumb Code   192  tasks.o(i.xTaskIncrementTick)
    xTaskPriorityDisinherit                  0x08007759   Thumb Code   144  tasks.o(i.xTaskPriorityDisinherit)
    xTaskPriorityInherit                     0x080077f1   Thumb Code   138  tasks.o(i.xTaskPriorityInherit)
    xTaskRemoveFromEventList                 0x08007885   Thumb Code   108  tasks.o(i.xTaskRemoveFromEventList)
    xTaskResumeAll                           0x080078f9   Thumb Code   182  tasks.o(i.xTaskResumeAll)
    AHBPrescTable                            0x080079bc   Data          16  system_stm32f1xx.o(.constdata)
    APBPrescTable                            0x080079cc   Data           8  system_stm32f1xx.o(.constdata)
    __ctype_table                            0x08007a70   Data         129  ctype_o.o(.constdata)
    Region$$Table$$Base                      0x08007b60   Number         0  anon$$obj.o(Region$$Table)
    Region$$Table$$Limit                     0x08007b80   Number         0  anon$$obj.o(Region$$Table)
    ds3231Addr                               0x20000000   Data           1  main.o(.data)
    adcValue                                 0x20000002   Data           2  main.o(.data)
    adcValue2                                0x20000004   Data           2  main.o(.data)
    sensitivity                              0x20000008   Data           4  main.o(.data)
    offsetVoltage                            0x2000000c   Data           4  main.o(.data)
    adcVoltage                               0x20000010   Data           4  main.o(.data)
    currentValue                             0x20000014   Data           4  main.o(.data)
    adcVoltage2                              0x20000018   Data           4  main.o(.data)
    ruzgarhizi                               0x2000001c   Data           4  main.o(.data)
    sensitivity2                             0x20000020   Data           4  main.o(.data)
    saniye                                   0x20000024   Data           4  main.o(.data)
    dakika                                   0x20000028   Data           4  main.o(.data)
    saat                                     0x2000002c   Data           4  main.o(.data)
    gun                                      0x20000030   Data           4  main.o(.data)
    ay                                       0x20000034   Data           4  main.o(.data)
    yil                                      0x20000038   Data           4  main.o(.data)
    Temperature                              0x2000003c   Data           4  main.o(.data)
    Humidity                                 0x20000040   Data           4  main.o(.data)
    DHT11_Data                               0x20000044   Data           8  main.o(.data)
    FatFsCnt                                 0x2000004c   Data           1  stm32f1xx_it.o(.data)
    Timer1                                   0x2000004d   Data           1  stm32f1xx_it.o(.data)
    Timer2                                   0x2000004e   Data           1  stm32f1xx_it.o(.data)
    Presence                                 0x20000050   Data           1  dht.o(.data)
    Rh_byte1                                 0x20000051   Data           1  dht.o(.data)
    Rh_byte2                                 0x20000052   Data           1  dht.o(.data)
    Temp_byte1                               0x20000053   Data           1  dht.o(.data)
    Temp_byte2                               0x20000054   Data           1  dht.o(.data)
    SUM                                      0x20000056   Data           2  dht.o(.data)
    fresult                                  0x2000005c   Data           1  file_handling_rtos.o(.data)
    br                                       0x20000060   Data           4  file_handling_rtos.o(.data)
    bw                                       0x20000064   Data           4  file_handling_rtos.o(.data)
    size                                     0x2000006c   Data           2  ds3231.o(.data)
    readBuf                                  0x2000006e   Data           7  ds3231.o(.data)
    calendar                                 0x20000075   Data           7  ds3231.o(.data)
    USER_Driver                              0x2000007c   Data          20  user_diskio.o(.data)
    retUSER                                  0x20000090   Data           1  fatfs.o(.data)
    USERPath                                 0x20000091   Data           4  fatfs.o(.data)
    uwTickFreq                               0x20000098   Data           1  stm32f1xx_hal.o(.data)
    uwTickPrio                               0x2000009c   Data           4  stm32f1xx_hal.o(.data)
    uwTick                                   0x200000a0   Data           4  stm32f1xx_hal.o(.data)
    SystemCoreClock                          0x200000a4   Data           4  system_stm32f1xx.o(.data)
    pxCurrentTCB                             0x200000b0   Data           4  tasks.o(.data)
    hadc1                                    0x20000114   Data          48  main.o(.bss)
    hadc2                                    0x20000144   Data          48  main.o(.bss)
    hspi1                                    0x20000174   Data          88  main.o(.bss)
    htim1                                    0x200001cc   Data          72  main.o(.bss)
    htim3                                    0x20000214   Data          72  main.o(.bss)
    huart1                                   0x2000025c   Data          64  main.o(.bss)
    huart2                                   0x2000029c   Data          64  main.o(.bss)
    hi2c1                                    0x200002dc   Data          84  main.o(.bss)
    htim2                                    0x20000330   Data          72  stm32f1xx_hal_timebase_tim.o(.bss)
    fs                                       0x20000378   Data         564  file_handling_rtos.o(.bss)
    fil                                      0x200005ac   Data         560  file_handling_rtos.o(.bss)
    fno                                      0x200007dc   Data          24  file_handling_rtos.o(.bss)
    data                                     0x200007f4   Data         256  ds3231.o(.bss)
    disk                                     0x20000914   Data          12  ff_gen_drv.o(.bss)
    xQueueRegistry                           0x20000920   Data          64  queue.o(.bss)
    __initial_sp                             0x20001a50   Data           0  startup_stm32f103xb.o(STACK)



==============================================================================

Memory Map of the image

  Image Entry point : 0x080000ed

  Load Region LR_IROM1 (Base: 0x08000000, Size: 0x00007c94, Max: 0x00010000, ABSOLUTE)

    Execution Region ER_IROM1 (Exec base: 0x08000000, Load base: 0x08000000, Size: 0x00007b80, Max: 0x00010000, ABSOLUTE)

    Exec Addr    Load Addr    Size         Type   Attr      Idx    E Section Name        Object

    0x08000000   0x08000000   0x000000ec   Data   RO            3    RESET               startup_stm32f103xb.o
    0x080000ec   0x080000ec   0x00000000   Code   RO         6328  * .ARM.Collect$$$$00000000  mc_w.l(entry.o)
    0x080000ec   0x080000ec   0x00000004   Code   RO         6624    .ARM.Collect$$$$00000001  mc_w.l(entry2.o)
    0x080000f0   0x080000f0   0x00000004   Code   RO         6627    .ARM.Collect$$$$00000004  mc_w.l(entry5.o)
    0x080000f4   0x080000f4   0x00000000   Code   RO         6629    .ARM.Collect$$$$00000008  mc_w.l(entry7b.o)
    0x080000f4   0x080000f4   0x00000000   Code   RO         6631    .ARM.Collect$$$$0000000A  mc_w.l(entry8b.o)
    0x080000f4   0x080000f4   0x00000008   Code   RO         6632    .ARM.Collect$$$$0000000B  mc_w.l(entry9a.o)
    0x080000fc   0x080000fc   0x00000004   Code   RO         6639    .ARM.Collect$$$$0000000E  mc_w.l(entry12b.o)
    0x08000100   0x08000100   0x00000000   Code   RO         6634    .ARM.Collect$$$$0000000F  mc_w.l(entry10a.o)
    0x08000100   0x08000100   0x00000000   Code   RO         6636    .ARM.Collect$$$$00000011  mc_w.l(entry11a.o)
    0x08000100   0x08000100   0x00000004   Code   RO         6625    .ARM.Collect$$$$00002712  mc_w.l(entry2.o)
    0x08000104   0x08000104   0x00000096   Code   RO         6251    .emb_text           port.o
    0x0800019a   0x0800019a   0x00000002   PAD
    0x0800019c   0x0800019c   0x00000024   Code   RO            4    .text               startup_stm32f103xb.o
    0x080001c0   0x080001c0   0x00000020   Code   RO         6331    .text               mc_w.l(llushr.o)
    0x080001e0   0x080001e0   0x00000024   Code   RO         6333    .text               mc_w.l(memcpya.o)
    0x08000204   0x08000204   0x00000024   Code   RO         6337    .text               mc_w.l(memseta.o)
    0x08000228   0x08000228   0x0000000e   Code   RO         6339    .text               mc_w.l(strlen.o)
    0x08000236   0x08000236   0x0000001c   Code   RO         6341    .text               mc_w.l(strcmp.o)
    0x08000252   0x08000252   0x0000001a   Code   RO         6606    .text               mc_w.l(atoi.o)
    0x0800026c   0x0800026c   0x000000b0   Code   RO         6608    .text               mf_w.l(fadd.o)
    0x0800031c   0x0800031c   0x0000007c   Code   RO         6610    .text               mf_w.l(fdiv.o)
    0x08000398   0x08000398   0x000000e4   Code   RO         6612    .text               mf_w.l(dmul.o)
    0x0800047c   0x0800047c   0x000000de   Code   RO         6614    .text               mf_w.l(ddiv.o)
    0x0800055a   0x0800055a   0x0000000a   Code   RO         6616    .text               mf_w.l(ffltui.o)
    0x08000564   0x08000564   0x0000001a   Code   RO         6618    .text               mf_w.l(dfltui.o)
    0x0800057e   0x0800057e   0x00000026   Code   RO         6620    .text               mf_w.l(f2d.o)
    0x080005a4   0x080005a4   0x00000038   Code   RO         6622    .text               mf_w.l(d2f.o)
    0x080005dc   0x080005dc   0x0000002c   Code   RO         6643    .text               mc_w.l(uidiv.o)
    0x08000608   0x08000608   0x00000062   Code   RO         6645    .text               mc_w.l(uldiv.o)
    0x0800066a   0x0800066a   0x00000070   Code   RO         6654    .text               mc_w.l(strtol.o)
    0x080006da   0x080006da   0x00000000   Code   RO         6656    .text               mc_w.l(iusefp.o)
    0x080006da   0x080006da   0x0000006e   Code   RO         6657    .text               mf_w.l(fepilogue.o)
    0x08000748   0x08000748   0x000000ba   Code   RO         6659    .text               mf_w.l(depilogue.o)
    0x08000802   0x08000802   0x0000014e   Code   RO         6661    .text               mf_w.l(dadd.o)
    0x08000950   0x08000950   0x00000030   Code   RO         6663    .text               mf_w.l(dfixul.o)
    0x08000980   0x08000980   0x00000030   Code   RO         6665    .text               mf_w.l(cdrcmple.o)
    0x080009b0   0x080009b0   0x00000024   Code   RO         6667    .text               mc_w.l(init.o)
    0x080009d4   0x080009d4   0x0000001e   Code   RO         6670    .text               mc_w.l(llshl.o)
    0x080009f2   0x080009f2   0x00000024   Code   RO         6672    .text               mc_w.l(llsshr.o)
    0x08000a16   0x08000a16   0x00000002   PAD
    0x08000a18   0x08000a18   0x00000008   Code   RO         6674    .text               mc_w.l(ctype_o.o)
    0x08000a20   0x08000a20   0x0000009e   Code   RO         6702    .text               mc_w.l(_strtoul.o)
    0x08000abe   0x08000abe   0x0000001c   Code   RO         6705    .text               mc_w.l(_chval.o)
    0x08000ada   0x08000ada   0x00000002   PAD
    0x08000adc   0x08000adc   0x0000004c   Code   RO         1243    i.ADC_ConversionStop_Disable  stm32f1xx_hal_adc.o
    0x08000b28   0x08000b28   0x00000070   Code   RO         1247    i.ADC_Enable        stm32f1xx_hal_adc.o
    0x08000b98   0x08000b98   0x00000012   Code   RO          941    i.BCD2DEC           ds3231.o
    0x08000baa   0x08000baa   0x00000002   Code   RO          424    i.BusFault_Handler  stm32f1xx_it.o
    0x08000bac   0x08000bac   0x0000018c   Code   RO          815    i.Create_File       file_handling_rtos.o
    0x08000d38   0x08000d38   0x00000016   Code   RO          942    i.DEC2BCD           ds3231.o
    0x08000d4e   0x08000d4e   0x00000002   PAD
    0x08000d50   0x08000d50   0x00000010   Code   RO          709    i.DESELECT          fatfs_sd.o
    0x08000d60   0x08000d60   0x00000040   Code   RO          639    i.DHT_Check_Response  dht.o
    0x08000da0   0x08000da0   0x00000058   Code   RO          640    i.DHT_GetData       dht.o
    0x08000df8   0x08000df8   0x0000005c   Code   RO          641    i.DHT_Read          dht.o
    0x08000e54   0x08000e54   0x00000044   Code   RO          642    i.DHT_Start         dht.o
    0x08000e98   0x08000e98   0x00000060   Code   RO          943    i.DS3231_sendData   ds3231.o
    0x08000ef8   0x08000ef8   0x0000008c   Code   RO          944    i.DS3231_setDate    ds3231.o
    0x08000f84   0x08000f84   0x00000044   Code   RO          643    i.DWT_Delay_Init    dht.o
    0x08000fc8   0x08000fc8   0x00000002   Code   RO          425    i.DebugMon_Handler  stm32f1xx_it.o
    0x08000fca   0x08000fca   0x00000006   Code   RO         4972    i.FATFS_LinkDriver  ff_gen_drv.o
    0x08000fd0   0x08000fd0   0x00000040   Code   RO         4973    i.FATFS_LinkDriverEx  ff_gen_drv.o
    0x08001010   0x08001010   0x00000084   Code   RO          816    i.Format_SD         file_handling_rtos.o
    0x08001094   0x08001094   0x000000fc   Code   RO         1249    i.HAL_ADC_ConfigChannel  stm32f1xx_hal_adc.o
    0x08001190   0x08001190   0x00000006   Code   RO         1256    i.HAL_ADC_GetValue  stm32f1xx_hal_adc.o
    0x08001196   0x08001196   0x00000002   PAD
    0x08001198   0x08001198   0x0000011c   Code   RO         1258    i.HAL_ADC_Init      stm32f1xx_hal_adc.o
    0x080012b4   0x080012b4   0x00000090   Code   RO          517    i.HAL_ADC_MspInit   stm32f1xx_hal_msp.o
    0x08001344   0x08001344   0x00000130   Code   RO         1262    i.HAL_ADC_PollForConversion  stm32f1xx_hal_adc.o
    0x08001474   0x08001474   0x000000c0   Code   RO         1264    i.HAL_ADC_Start     stm32f1xx_hal_adc.o
    0x08001534   0x08001534   0x00000034   Code   RO         1267    i.HAL_ADC_Stop      stm32f1xx_hal_adc.o
    0x08001568   0x08001568   0x00000098   Code   RO         1899    i.HAL_DMA_Abort_IT  stm32f1xx_hal_dma.o
    0x08001600   0x08001600   0x00000024   Code   RO         1526    i.HAL_Delay         stm32f1xx_hal.o
    0x08001624   0x08001624   0x000001e0   Code   RO         1834    i.HAL_GPIO_Init     stm32f1xx_hal_gpio.o
    0x08001804   0x08001804   0x0000000a   Code   RO         1836    i.HAL_GPIO_ReadPin  stm32f1xx_hal_gpio.o
    0x0800180e   0x0800180e   0x00000010   Code   RO         1837    i.HAL_GPIO_TogglePin  stm32f1xx_hal_gpio.o
    0x0800181e   0x0800181e   0x0000000a   Code   RO         1838    i.HAL_GPIO_WritePin  stm32f1xx_hal_gpio.o
    0x08001828   0x08001828   0x0000000c   Code   RO         1530    i.HAL_GetTick       stm32f1xx_hal.o
    0x08001834   0x08001834   0x00000004   Code   RO         4118    i.HAL_I2C_GetError  stm32f1xx_hal_i2c.o
    0x08001838   0x08001838   0x00000006   Code   RO         4120    i.HAL_I2C_GetState  stm32f1xx_hal_i2c.o
    0x0800183e   0x0800183e   0x00000002   PAD
    0x08001840   0x08001840   0x00000188   Code   RO         4121    i.HAL_I2C_Init      stm32f1xx_hal_i2c.o
    0x080019c8   0x080019c8   0x00000244   Code   RO         4127    i.HAL_I2C_Master_Receive  stm32f1xx_hal_i2c.o
    0x08001c0c   0x08001c0c   0x0000012c   Code   RO         4134    i.HAL_I2C_Master_Transmit  stm32f1xx_hal_i2c.o
    0x08001d38   0x08001d38   0x0000005c   Code   RO          519    i.HAL_I2C_MspInit   stm32f1xx_hal_msp.o
    0x08001d94   0x08001d94   0x00000010   Code   RO         1536    i.HAL_IncTick       stm32f1xx_hal.o
    0x08001da4   0x08001da4   0x00000024   Code   RO         1537    i.HAL_Init          stm32f1xx_hal.o
    0x08001dc8   0x08001dc8   0x00000074   Code   RO          600    i.HAL_InitTick      stm32f1xx_hal_timebase_tim.o
    0x08001e3c   0x08001e3c   0x0000003c   Code   RO          520    i.HAL_MspInit       stm32f1xx_hal_msp.o
    0x08001e78   0x08001e78   0x0000001a   Code   RO         1994    i.HAL_NVIC_EnableIRQ  stm32f1xx_hal_cortex.o
    0x08001e92   0x08001e92   0x00000002   PAD
    0x08001e94   0x08001e94   0x00000040   Code   RO         2000    i.HAL_NVIC_SetPriority  stm32f1xx_hal_cortex.o
    0x08001ed4   0x08001ed4   0x00000024   Code   RO         2001    i.HAL_NVIC_SetPriorityGrouping  stm32f1xx_hal_cortex.o
    0x08001ef8   0x08001ef8   0x000000c8   Code   RO         1796    i.HAL_RCCEx_GetPeriphCLKFreq  stm32f1xx_hal_rcc_ex.o
    0x08001fc0   0x08001fc0   0x000000ec   Code   RO         1797    i.HAL_RCCEx_PeriphCLKConfig  stm32f1xx_hal_rcc_ex.o
    0x080020ac   0x080020ac   0x0000012c   Code   RO         1694    i.HAL_RCC_ClockConfig  stm32f1xx_hal_rcc.o
    0x080021d8   0x080021d8   0x00000040   Code   RO         1698    i.HAL_RCC_GetClockConfig  stm32f1xx_hal_rcc.o
    0x08002218   0x08002218   0x0000000c   Code   RO         1699    i.HAL_RCC_GetHCLKFreq  stm32f1xx_hal_rcc.o
    0x08002224   0x08002224   0x00000020   Code   RO         1701    i.HAL_RCC_GetPCLK1Freq  stm32f1xx_hal_rcc.o
    0x08002244   0x08002244   0x00000020   Code   RO         1702    i.HAL_RCC_GetPCLK2Freq  stm32f1xx_hal_rcc.o
    0x08002264   0x08002264   0x0000006c   Code   RO         1703    i.HAL_RCC_GetSysClockFreq  stm32f1xx_hal_rcc.o
    0x080022d0   0x080022d0   0x00000320   Code   RO         1706    i.HAL_RCC_OscConfig  stm32f1xx_hal_rcc.o
    0x080025f0   0x080025f0   0x00000006   Code   RO         2503    i.HAL_SPI_GetState  stm32f1xx_hal_spi.o
    0x080025f6   0x080025f6   0x000000b2   Code   RO         2505    i.HAL_SPI_Init      stm32f1xx_hal_spi.o
    0x080026a8   0x080026a8   0x00000070   Code   RO          522    i.HAL_SPI_MspInit   stm32f1xx_hal_msp.o
    0x08002718   0x08002718   0x00000166   Code   RO         2513    i.HAL_SPI_Transmit  stm32f1xx_hal_spi.o
    0x0800287e   0x0800287e   0x000001e2   Code   RO         2514    i.HAL_SPI_TransmitReceive  stm32f1xx_hal_spi.o
    0x08002a60   0x08002a60   0x00000002   Code   RO         3522    i.HAL_TIMEx_BreakCallback  stm32f1xx_hal_tim_ex.o
    0x08002a62   0x08002a62   0x00000002   Code   RO         3523    i.HAL_TIMEx_CommutCallback  stm32f1xx_hal_tim_ex.o
    0x08002a64   0x08002a64   0x00000068   Code   RO         3541    i.HAL_TIMEx_MasterConfigSynchronization  stm32f1xx_hal_tim_ex.o
    0x08002acc   0x08002acc   0x0000005a   Code   RO         2818    i.HAL_TIM_Base_Init  stm32f1xx_hal_tim.o
    0x08002b26   0x08002b26   0x00000002   PAD
    0x08002b28   0x08002b28   0x00000054   Code   RO          524    i.HAL_TIM_Base_MspInit  stm32f1xx_hal_msp.o
    0x08002b7c   0x08002b7c   0x00000058   Code   RO         2823    i.HAL_TIM_Base_Start_IT  stm32f1xx_hal_tim.o
    0x08002bd4   0x08002bd4   0x000000d6   Code   RO         2827    i.HAL_TIM_ConfigClockSource  stm32f1xx_hal_tim.o
    0x08002caa   0x08002caa   0x00000002   Code   RO         2852    i.HAL_TIM_IC_CaptureCallback  stm32f1xx_hal_tim.o
    0x08002cac   0x08002cac   0x00000166   Code   RO         2866    i.HAL_TIM_IRQHandler  stm32f1xx_hal_tim.o
    0x08002e12   0x08002e12   0x00000002   Code   RO         2869    i.HAL_TIM_OC_DelayElapsedCallback  stm32f1xx_hal_tim.o
    0x08002e14   0x08002e14   0x00000002   Code   RO         2896    i.HAL_TIM_PWM_PulseFinishedCallback  stm32f1xx_hal_tim.o
    0x08002e16   0x08002e16   0x0000000e   Code   RO           14    i.HAL_TIM_PeriodElapsedCallback  main.o
    0x08002e24   0x08002e24   0x00000002   Code   RO         2909    i.HAL_TIM_TriggerCallback  stm32f1xx_hal_tim.o
    0x08002e26   0x08002e26   0x00000002   Code   RO         3810    i.HAL_UART_ErrorCallback  stm32f1xx_hal_uart.o
    0x08002e28   0x08002e28   0x0000015c   Code   RO         3813    i.HAL_UART_IRQHandler  stm32f1xx_hal_uart.o
    0x08002f84   0x08002f84   0x00000062   Code   RO         3814    i.HAL_UART_Init     stm32f1xx_hal_uart.o
    0x08002fe6   0x08002fe6   0x00000002   PAD
    0x08002fe8   0x08002fe8   0x000000d8   Code   RO          526    i.HAL_UART_MspInit  stm32f1xx_hal_msp.o
    0x080030c0   0x080030c0   0x00000002   Code   RO         3820    i.HAL_UART_RxCpltCallback  stm32f1xx_hal_uart.o
    0x080030c2   0x080030c2   0x00000002   PAD
    0x080030c4   0x080030c4   0x000000b2   Code   RO         3822    i.HAL_UART_Transmit  stm32f1xx_hal_uart.o
    0x08003176   0x08003176   0x00000002   Code   RO         3825    i.HAL_UART_TxCpltCallback  stm32f1xx_hal_uart.o
    0x08003178   0x08003178   0x00000002   Code   RO          426    i.HardFault_Handler  stm32f1xx_it.o
    0x0800317a   0x0800317a   0x0000002e   Code   RO         4163    i.I2C_IsAcknowledgeFailed  stm32f1xx_hal_i2c.o
    0x080031a8   0x080031a8   0x000000ec   Code   RO         4166    i.I2C_MasterRequestRead  stm32f1xx_hal_i2c.o
    0x08003294   0x08003294   0x0000009c   Code   RO         4167    i.I2C_MasterRequestWrite  stm32f1xx_hal_i2c.o
    0x08003330   0x08003330   0x0000007c   Code   RO          945    i.I2C_ReadCalendarData  ds3231.o
    0x080033ac   0x080033ac   0x0000004c   Code   RO         4177    i.I2C_WaitOnBTFFlagUntilTimeout  stm32f1xx_hal_i2c.o
    0x080033f8   0x080033f8   0x00000068   Code   RO         4178    i.I2C_WaitOnFlagUntilTimeout  stm32f1xx_hal_i2c.o
    0x08003460   0x08003460   0x00000096   Code   RO         4179    i.I2C_WaitOnMasterAddressFlagUntilTimeout  stm32f1xx_hal_i2c.o
    0x080034f6   0x080034f6   0x00000066   Code   RO         4180    i.I2C_WaitOnRXNEFlagUntilTimeout  stm32f1xx_hal_i2c.o
    0x0800355c   0x0800355c   0x0000004c   Code   RO         4181    i.I2C_WaitOnTXEFlagUntilTimeout  stm32f1xx_hal_i2c.o
    0x080035a8   0x080035a8   0x00000040   Code   RO           15    i.MX_ADC1_Init      main.o
    0x080035e8   0x080035e8   0x00000040   Code   RO           16    i.MX_ADC2_Init      main.o
    0x08003628   0x08003628   0x0000001c   Code   RO         1169    i.MX_FATFS_Init     fatfs.o
    0x08003644   0x08003644   0x00000090   Code   RO           17    i.MX_GPIO_Init      main.o
    0x080036d4   0x080036d4   0x00000038   Code   RO           18    i.MX_SPI1_Init      main.o
    0x0800370c   0x0800370c   0x00000058   Code   RO           19    i.MX_TIM1_Init      main.o
    0x08003764   0x08003764   0x00000054   Code   RO           20    i.MX_TIM3_Init      main.o
    0x080037b8   0x080037b8   0x00000002   Code   RO          427    i.MemManage_Handler  stm32f1xx_it.o
    0x080037ba   0x080037ba   0x00000002   PAD
    0x080037bc   0x080037bc   0x00000070   Code   RO          817    i.Mount_SD          file_handling_rtos.o
    0x0800382c   0x0800382c   0x00000002   Code   RO          428    i.NMI_Handler       stm32f1xx_it.o
    0x0800382e   0x0800382e   0x00000002   PAD
    0x08003830   0x08003830   0x00000020   Code   RO          429    i.SDTimer_Handler   stm32f1xx_it.o
    0x08003850   0x08003850   0x00000070   Code   RO          710    i.SD_PowerOn        fatfs_sd.o
    0x080038c0   0x080038c0   0x00000020   Code   RO          711    i.SD_ReadyWait      fatfs_sd.o
    0x080038e0   0x080038e0   0x00000050   Code   RO          712    i.SD_RxDataBlock    fatfs_sd.o
    0x08003930   0x08003930   0x0000006e   Code   RO          713    i.SD_SendCmd        fatfs_sd.o
    0x0800399e   0x0800399e   0x00000002   PAD
    0x080039a0   0x080039a0   0x0000006a   Code   RO          714    i.SD_TxDataBlock    fatfs_sd.o
    0x08003a0a   0x08003a0a   0x00000002   PAD
    0x08003a0c   0x08003a0c   0x00000138   Code   RO          715    i.SD_disk_initialize  fatfs_sd.o
    0x08003b44   0x08003b44   0x00000144   Code   RO          716    i.SD_disk_ioctl     fatfs_sd.o
    0x08003c88   0x08003c88   0x00000098   Code   RO          717    i.SD_disk_read      fatfs_sd.o
    0x08003d20   0x08003d20   0x00000010   Code   RO          718    i.SD_disk_status    fatfs_sd.o
    0x08003d30   0x08003d30   0x000000b8   Code   RO          719    i.SD_disk_write     fatfs_sd.o
    0x08003de8   0x08003de8   0x00000010   Code   RO          720    i.SELECT            fatfs_sd.o
    0x08003df8   0x08003df8   0x00000020   Code   RO         2543    i.SPI_EndRxTxTransaction  stm32f1xx_hal_spi.o
    0x08003e18   0x08003e18   0x00000034   Code   RO          721    i.SPI_RxByte        fatfs_sd.o
    0x08003e4c   0x08003e4c   0x00000020   Code   RO          722    i.SPI_TxByte        fatfs_sd.o
    0x08003e6c   0x08003e6c   0x000000b8   Code   RO         2548    i.SPI_WaitFlagStateUntilTimeout  stm32f1xx_hal_spi.o
    0x08003f24   0x08003f24   0x00000020   Code   RO          821    i.Send_Uart         file_handling_rtos.o
    0x08003f44   0x08003f44   0x00000014   Code   RO          644    i.Set_Pin_Input     dht.o
    0x08003f58   0x08003f58   0x00000018   Code   RO          645    i.Set_Pin_Output    dht.o
    0x08003f70   0x08003f70   0x0000002c   Code   RO         6252    i.SysTick_Handler   port.o
    0x08003f9c   0x08003f9c   0x00000060   Code   RO           21    i.SystemClock_Config  main.o
    0x08003ffc   0x08003ffc   0x00000002   Code   RO         4538    i.SystemInit        system_stm32f1xx.o
    0x08003ffe   0x08003ffe   0x00000002   PAD
    0x08004000   0x08004000   0x0000000c   Code   RO          430    i.TIM1_UP_IRQHandler  stm32f1xx_it.o
    0x0800400c   0x0800400c   0x0000002c   Code   RO          431    i.TIM2_IRQHandler   stm32f1xx_it.o
    0x08004038   0x08004038   0x0000006c   Code   RO         2911    i.TIM_Base_SetConfig  stm32f1xx_hal_tim.o
    0x080040a4   0x080040a4   0x00000014   Code   RO         2922    i.TIM_ETR_SetConfig  stm32f1xx_hal_tim.o
    0x080040b8   0x080040b8   0x00000010   Code   RO         2923    i.TIM_ITRx_SetConfig  stm32f1xx_hal_tim.o
    0x080040c8   0x080040c8   0x00000022   Code   RO         2929    i.TIM_TI1_ConfigInputStage  stm32f1xx_hal_tim.o
    0x080040ea   0x080040ea   0x00000024   Code   RO         2931    i.TIM_TI2_ConfigInputStage  stm32f1xx_hal_tim.o
    0x0800410e   0x0800410e   0x00000010   Code   RO         3827    i.UART_DMAAbortOnError  stm32f1xx_hal_uart.o
    0x0800411e   0x0800411e   0x0000001c   Code   RO         3837    i.UART_EndRxTransfer  stm32f1xx_hal_uart.o
    0x0800413a   0x0800413a   0x0000008c   Code   RO         3839    i.UART_Receive_IT   stm32f1xx_hal_uart.o
    0x080041c6   0x080041c6   0x00000002   PAD
    0x080041c8   0x080041c8   0x000000b8   Code   RO         3840    i.UART_SetConfig    stm32f1xx_hal_uart.o
    0x08004280   0x08004280   0x00000064   Code   RO         3841    i.UART_WaitOnFlagUntilTimeout  stm32f1xx_hal_uart.o
    0x080042e4   0x080042e4   0x0000000c   Code   RO          432    i.USART2_IRQHandler  stm32f1xx_it.o
    0x080042f0   0x080042f0   0x00000004   Code   RO         1100    i.USER_initialize   user_diskio.o
    0x080042f4   0x080042f4   0x00000004   Code   RO         1101    i.USER_ioctl        user_diskio.o
    0x080042f8   0x080042f8   0x00000004   Code   RO         1102    i.USER_read         user_diskio.o
    0x080042fc   0x080042fc   0x00000004   Code   RO         1103    i.USER_status       user_diskio.o
    0x08004300   0x08004300   0x00000004   Code   RO         1104    i.USER_write        user_diskio.o
    0x08004304   0x08004304   0x00000070   Code   RO          822    i.Unmount_SD        file_handling_rtos.o
    0x08004374   0x08004374   0x000001ac   Code   RO          823    i.Update_File       file_handling_rtos.o
    0x08004520   0x08004520   0x00000002   Code   RO          433    i.UsageFault_Handler  stm32f1xx_it.o
    0x08004522   0x08004522   0x00000002   PAD
    0x08004524   0x08004524   0x00000028   Code   RO         6580    i.__0sprintf        mc_w.l(printfa.o)
    0x0800454c   0x0800454c   0x00000020   Code   RO         2007    i.__NVIC_SetPriority  stm32f1xx_hal_cortex.o
    0x0800456c   0x0800456c   0x00000008   Code   RO         6647    i.__aeabi_errno_addr  mc_w.l(errno.o)
    0x08004574   0x08004574   0x0000000e   Code   RO         6709    i.__scatterload_copy  mc_w.l(handlers.o)
    0x08004582   0x08004582   0x00000002   Code   RO         6710    i.__scatterload_null  mc_w.l(handlers.o)
    0x08004584   0x08004584   0x0000000e   Code   RO         6711    i.__scatterload_zeroinit  mc_w.l(handlers.o)
    0x08004592   0x08004592   0x00000002   PAD
    0x08004594   0x08004594   0x00000184   Code   RO         6585    i._fp_digits        mc_w.l(printfa.o)
    0x08004718   0x08004718   0x000006b4   Code   RO         6586    i._printf_core      mc_w.l(printfa.o)
    0x08004dcc   0x08004dcc   0x00000024   Code   RO         6587    i._printf_post_padding  mc_w.l(printfa.o)
    0x08004df0   0x08004df0   0x0000002e   Code   RO         6588    i._printf_pre_padding  mc_w.l(printfa.o)
    0x08004e1e   0x08004e1e   0x0000000a   Code   RO         6590    i._sputc            mc_w.l(printfa.o)
    0x08004e28   0x08004e28   0x00000070   Code   RO         4630    i.check_fs          ff.o
    0x08004e98   0x08004e98   0x0000005c   Code   RO         4631    i.chk_lock          ff.o
    0x08004ef4   0x08004ef4   0x00000020   Code   RO         4632    i.clear_lock        ff.o
    0x08004f14   0x08004f14   0x00000024   Code   RO         4633    i.clmt_clust        ff.o
    0x08004f38   0x08004f38   0x00000018   Code   RO         4634    i.clust2sect        ff.o
    0x08004f50   0x08004f50   0x000000a4   Code   RO         4635    i.create_chain      ff.o
    0x08004ff4   0x08004ff4   0x000000bc   Code   RO         4636    i.create_name       ff.o
    0x080050b0   0x080050b0   0x00000034   Code   RO         4637    i.dec_lock          ff.o
    0x080050e4   0x080050e4   0x0000002c   Code   RO          646    i.delay             dht.o
    0x08005110   0x08005110   0x00000064   Code   RO         4638    i.dir_find          ff.o
    0x08005174   0x08005174   0x000000f4   Code   RO         4639    i.dir_next          ff.o
    0x08005268   0x08005268   0x00000060   Code   RO         4640    i.dir_read          ff.o
    0x080052c8   0x080052c8   0x00000066   Code   RO         4641    i.dir_register      ff.o
    0x0800532e   0x0800532e   0x0000001e   Code   RO         4642    i.dir_remove        ff.o
    0x0800534c   0x0800534c   0x00000082   Code   RO         4643    i.dir_sdi           ff.o
    0x080053ce   0x080053ce   0x00000002   PAD
    0x080053d0   0x080053d0   0x00000028   Code   RO         4575    i.disk_initialize   diskio.o
    0x080053f8   0x080053f8   0x0000001c   Code   RO         4576    i.disk_ioctl        diskio.o
    0x08005414   0x08005414   0x0000001c   Code   RO         4577    i.disk_read         diskio.o
    0x08005430   0x08005430   0x00000018   Code   RO         4578    i.disk_status       diskio.o
    0x08005448   0x08005448   0x0000001c   Code   RO         4579    i.disk_write        diskio.o
    0x08005464   0x08005464   0x00000030   Code   RO         4644    i.f_close           ff.o
    0x08005494   0x08005494   0x0000002a   Code   RO         4645    i.f_closedir        ff.o
    0x080054be   0x080054be   0x00000002   PAD
    0x080054c0   0x080054c0   0x0000007c   Code   RO         4651    i.f_mount           ff.o
    0x0800553c   0x0800553c   0x00000214   Code   RO         4652    i.f_open            ff.o
    0x08005750   0x08005750   0x0000008a   Code   RO         4653    i.f_opendir         ff.o
    0x080057da   0x080057da   0x00000050   Code   RO         4658    i.f_readdir         ff.o
    0x0800582a   0x0800582a   0x00000044   Code   RO         4660    i.f_stat            ff.o
    0x0800586e   0x0800586e   0x000000a2   Code   RO         4661    i.f_sync            ff.o
    0x08005910   0x08005910   0x000000ac   Code   RO         4663    i.f_unlink          ff.o
    0x080059bc   0x080059bc   0x000001b6   Code   RO         4664    i.f_write           ff.o
    0x08005b72   0x08005b72   0x0000001c   Code   RO         5022    i.ff_cre_syncobj    syscall.o
    0x08005b8e   0x08005b8e   0x0000000a   Code   RO         5023    i.ff_del_syncobj    syscall.o
    0x08005b98   0x08005b98   0x00000004   Code   RO         5024    i.ff_rel_grant      syscall.o
    0x08005b9c   0x08005b9c   0x00000014   Code   RO         5025    i.ff_req_grant      syscall.o
    0x08005bb0   0x08005bb0   0x00000260   Code   RO         4665    i.find_volume       ff.o
    0x08005e10   0x08005e10   0x00000074   Code   RO         4666    i.follow_path       ff.o
    0x08005e84   0x08005e84   0x000000be   Code   RO         4667    i.get_fat           ff.o
    0x08005f42   0x08005f42   0x00000004   Code   RO         1170    i.get_fattime       fatfs.o
    0x08005f46   0x08005f46   0x00000062   Code   RO         4668    i.get_fileinfo      ff.o
    0x08005fa8   0x08005fa8   0x0000003c   Code   RO         4669    i.get_ldnumber      ff.o
    0x08005fe4   0x08005fe4   0x0000000c   Code   RO         5821    i.inHandlerMode     cmsis_os.o
    0x08005ff0   0x08005ff0   0x00000080   Code   RO         4670    i.inc_lock          ff.o
    0x08006070   0x08006070   0x00000026   Code   RO         4671    i.ld_clust          ff.o
    0x08006096   0x08006096   0x00000016   Code   RO         4672    i.ld_dword          ff.o
    0x080060ac   0x080060ac   0x0000000a   Code   RO         4673    i.ld_word           ff.o
    0x080060b6   0x080060b6   0x00000014   Code   RO         4674    i.lock_fs           ff.o
    0x080060ca   0x080060ca   0x00000002   PAD
    0x080060cc   0x080060cc   0x00000434   Code   RO           22    i.main              main.o
    0x08006500   0x08006500   0x00000012   Code   RO         4675    i.mem_cpy           ff.o
    0x08006512   0x08006512   0x00000002   PAD
    0x08006514   0x08006514   0x0000000e   Code   RO         4676    i.mem_set           ff.o
    0x08006522   0x08006522   0x00000032   Code   RO         4677    i.move_window       ff.o
    0x08006554   0x08006554   0x0000003e   Code   RO         5854    i.osSemaphoreCreate  cmsis_os.o
    0x08006592   0x08006592   0x00000018   Code   RO         5855    i.osSemaphoreDelete  cmsis_os.o
    0x080065aa   0x080065aa   0x00000002   PAD
    0x080065ac   0x080065ac   0x00000050   Code   RO         5857    i.osSemaphoreRelease  cmsis_os.o
    0x080065fc   0x080065fc   0x00000064   Code   RO         5858    i.osSemaphoreWait   cmsis_os.o
    0x08006660   0x08006660   0x00000070   Code   RO         5520    i.prvAddCurrentTaskToDelayedList  tasks.o
    0x080066d0   0x080066d0   0x00000026   Code   RO         5214    i.prvCopyDataFromQueue  queue.o
    0x080066f6   0x080066f6   0x0000006c   Code   RO         5215    i.prvCopyDataToQueue  queue.o
    0x08006762   0x08006762   0x00000002   PAD
    0x08006764   0x08006764   0x0000004c   Code   RO         6190    i.prvHeapInit       heap_4.o
    0x080067b0   0x080067b0   0x00000016   Code   RO         5217    i.prvInitialiseNewQueue  queue.o
    0x080067c6   0x080067c6   0x00000002   PAD
    0x080067c8   0x080067c8   0x0000004c   Code   RO         6191    i.prvInsertBlockIntoFreeList  heap_4.o
    0x08006814   0x08006814   0x0000001c   Code   RO         5218    i.prvIsQueueEmpty   queue.o
    0x08006830   0x08006830   0x00000020   Code   RO         5525    i.prvResetNextTaskUnblockTime  tasks.o
    0x08006850   0x08006850   0x0000006a   Code   RO         5219    i.prvUnlockQueue    queue.o
    0x080068ba   0x080068ba   0x000000ea   Code   RO         4678    i.put_fat           ff.o
    0x080069a4   0x080069a4   0x000000d8   Code   RO         6192    i.pvPortMalloc      heap_4.o
    0x08006a7c   0x08006a7c   0x00000018   Code   RO         5527    i.pvTaskIncrementMutexHeldCount  tasks.o
    0x08006a94   0x08006a94   0x0000000c   Code   RO          947    i.readDate          ds3231.o
    0x08006aa0   0x08006aa0   0x0000000c   Code   RO          949    i.readHours         ds3231.o
    0x08006aac   0x08006aac   0x0000000c   Code   RO          951    i.readMinutes       ds3231.o
    0x08006ab8   0x08006ab8   0x0000000c   Code   RO          952    i.readMonth         ds3231.o
    0x08006ac4   0x08006ac4   0x0000000c   Code   RO          953    i.readSeconds       ds3231.o
    0x08006ad0   0x08006ad0   0x0000000c   Code   RO          954    i.readYear          ds3231.o
    0x08006adc   0x08006adc   0x00000074   Code   RO         4681    i.remove_chain      ff.o
    0x08006b50   0x08006b50   0x00000038   Code   RO          955    i.retrnAsString     ds3231.o
    0x08006b88   0x08006b88   0x00000010   Code   RO          956    i.setDate           ds3231.o
    0x08006b98   0x08006b98   0x00000010   Code   RO          958    i.setHour           ds3231.o
    0x08006ba8   0x08006ba8   0x00000010   Code   RO          959    i.setMinutes        ds3231.o
    0x08006bb8   0x08006bb8   0x00000010   Code   RO          960    i.setMonth          ds3231.o
    0x08006bc8   0x08006bc8   0x00000010   Code   RO          961    i.setSeconds        ds3231.o
    0x08006bd8   0x08006bd8   0x00000010   Code   RO          962    i.setYear           ds3231.o
    0x08006be8   0x08006be8   0x00000028   Code   RO         4682    i.st_clust          ff.o
    0x08006c10   0x08006c10   0x00000010   Code   RO         4683    i.st_dword          ff.o
    0x08006c20   0x08006c20   0x00000008   Code   RO         4684    i.st_word           ff.o
    0x08006c28   0x08006c28   0x00000088   Code   RO         4685    i.sync_fs           ff.o
    0x08006cb0   0x08006cb0   0x00000052   Code   RO         4686    i.sync_window       ff.o
    0x08006d02   0x08006d02   0x00000018   Code   RO         4687    i.unlock_fs         ff.o
    0x08006d1a   0x08006d1a   0x00000026   Code   RO         5177    i.uxListRemove      list.o
    0x08006d40   0x08006d40   0x00000016   Code   RO         5178    i.vListInitialise   list.o
    0x08006d56   0x08006d56   0x00000030   Code   RO         5180    i.vListInsert       list.o
    0x08006d86   0x08006d86   0x00000018   Code   RO         5181    i.vListInsertEnd    list.o
    0x08006d9e   0x08006d9e   0x00000002   PAD
    0x08006da0   0x08006da0   0x00000040   Code   RO         6256    i.vPortEnterCritical  port.o
    0x08006de0   0x08006de0   0x00000028   Code   RO         6257    i.vPortExitCritical  port.o
    0x08006e08   0x08006e08   0x0000005c   Code   RO         6193    i.vPortFree         heap_4.o
    0x08006e64   0x08006e64   0x00000054   Code   RO         6259    i.vPortValidateInterruptPriority  port.o
    0x08006eb8   0x08006eb8   0x0000002e   Code   RO         5224    i.vQueueDelete      queue.o
    0x08006ee6   0x08006ee6   0x00000002   PAD
    0x08006ee8   0x08006ee8   0x00000028   Code   RO         5225    i.vQueueUnregisterQueue  queue.o
    0x08006f10   0x08006f10   0x00000010   Code   RO         5536    i.vTaskInternalSetTimeOutState  tasks.o
    0x08006f20   0x08006f20   0x0000000c   Code   RO         5537    i.vTaskMissedYield  tasks.o
    0x08006f2c   0x08006f2c   0x00000030   Code   RO         5539    i.vTaskPlaceOnEventList  tasks.o
    0x08006f5c   0x08006f5c   0x000000a8   Code   RO         5541    i.vTaskPriorityDisinheritAfterTimeout  tasks.o
    0x08007004   0x08007004   0x00000010   Code   RO         5548    i.vTaskSuspendAll   tasks.o
    0x08007014   0x08007014   0x0000005c   Code   RO         5549    i.vTaskSwitchContext  tasks.o
    0x08007070   0x08007070   0x00000048   Code   RO         4688    i.validate          ff.o
    0x080070b8   0x080070b8   0x00000048   Code   RO         5228    i.xQueueGenericCreate  queue.o
    0x08007100   0x08007100   0x00000066   Code   RO         5229    i.xQueueGenericCreateStatic  queue.o
    0x08007166   0x08007166   0x00000002   PAD
    0x08007168   0x08007168   0x00000088   Code   RO         5230    i.xQueueGenericReset  queue.o
    0x080071f0   0x080071f0   0x00000160   Code   RO         5231    i.xQueueGenericSend  queue.o
    0x08007350   0x08007350   0x0000009c   Code   RO         5233    i.xQueueGiveFromISR  queue.o
    0x080073ec   0x080073ec   0x0000009a   Code   RO         5239    i.xQueueReceiveFromISR  queue.o
    0x08007486   0x08007486   0x00000002   PAD
    0x08007488   0x08007488   0x00000178   Code   RO         5240    i.xQueueSemaphoreTake  queue.o
    0x08007600   0x08007600   0x00000074   Code   RO         5550    i.xTaskCheckForTimeOut  tasks.o
    0x08007674   0x08007674   0x0000001c   Code   RO         5556    i.xTaskGetSchedulerState  tasks.o
    0x08007690   0x08007690   0x000000c8   Code   RO         5559    i.xTaskIncrementTick  tasks.o
    0x08007758   0x08007758   0x00000098   Code   RO         5562    i.xTaskPriorityDisinherit  tasks.o
    0x080077f0   0x080077f0   0x00000094   Code   RO         5563    i.xTaskPriorityInherit  tasks.o
    0x08007884   0x08007884   0x00000074   Code   RO         5564    i.xTaskRemoveFromEventList  tasks.o
    0x080078f8   0x080078f8   0x000000c4   Code   RO         5565    i.xTaskResumeAll    tasks.o
    0x080079bc   0x080079bc   0x00000010   Data   RO         4539    .constdata          system_stm32f1xx.o
    0x080079cc   0x080079cc   0x00000008   Data   RO         4540    .constdata          system_stm32f1xx.o
    0x080079d4   0x080079d4   0x0000009c   Data   RO         4690    .constdata          ff.o
    0x08007a70   0x08007a70   0x00000081   Data   RO         6675    .constdata          mc_w.l(ctype_o.o)
    0x08007af1   0x08007af1   0x00000003   PAD
    0x08007af4   0x08007af4   0x00000004   Data   RO         6676    .constdata          mc_w.l(ctype_o.o)
    0x08007af8   0x08007af8   0x00000065   Data   RO           24    .conststring        main.o
    0x08007b5d   0x08007b5d   0x00000003   PAD
    0x08007b60   0x08007b60   0x00000020   Data   RO         6707    Region$$Table       anon$$obj.o


    Execution Region RW_IRAM1 (Exec base: 0x20000000, Load base: 0x08007b80, Size: 0x00001a50, Max: 0x00005000, ABSOLUTE)

    Exec Addr    Load Addr    Size         Type   Attr      Idx    E Section Name        Object

    0x20000000   0x08007b80   0x0000004c   Data   RW           25    .data               main.o
    0x2000004c   0x08007bcc   0x00000003   Data   RW          434    .data               stm32f1xx_it.o
    0x2000004f   0x08007bcf   0x00000001   PAD
    0x20000050   0x08007bd0   0x00000008   Data   RW          647    .data               dht.o
    0x20000058   0x08007bd8   0x00000003   Data   RW          723    .data               fatfs_sd.o
    0x2000005b   0x08007bdb   0x00000001   PAD
    0x2000005c   0x08007bdc   0x0000000c   Data   RW          826    .data               file_handling_rtos.o
    0x20000068   0x08007be8   0x00000014   Data   RW          967    .data               ds3231.o
    0x2000007c   0x08007bfc   0x00000014   Data   RW         1105    .data               user_diskio.o
    0x20000090   0x08007c10   0x00000005   Data   RW         1173    .data               fatfs.o
    0x20000095   0x08007c15   0x00000003   PAD
    0x20000098   0x08007c18   0x0000000c   Data   RW         1544    .data               stm32f1xx_hal.o
    0x200000a4   0x08007c24   0x00000004   Data   RW         4541    .data               system_stm32f1xx.o
    0x200000a8   0x08007c28   0x00000008   Data   RW         4691    .data               ff.o
    0x200000b0   0x08007c30   0x0000003c   Data   RW         5568    .data               tasks.o
    0x200000ec   0x08007c6c   0x00000018   Data   RW         6198    .data               heap_4.o
    0x20000104   0x08007c84   0x0000000c   Data   RW         6261    .data               port.o
    0x20000110   0x08007c90   0x00000004   Data   RW         6650    .data               mc_w.l(errno.o)
    0x20000114        -       0x0000021c   Zero   RW           23    .bss                main.o
    0x20000330        -       0x00000048   Zero   RW          603    .bss                stm32f1xx_hal_timebase_tim.o
    0x20000378        -       0x0000047c   Zero   RW          825    .bss                file_handling_rtos.o
    0x200007f4        -       0x00000100   Zero   RW          964    .bss                ds3231.o
    0x200008f4        -       0x00000020   Zero   RW         4689    .bss                ff.o
    0x20000914        -       0x0000000c   Zero   RW         4976    .bss                ff_gen_drv.o
    0x20000920        -       0x00000040   Zero   RW         5241    .bss                queue.o
    0x20000960        -       0x000000f0   Zero   RW         5567    .bss                tasks.o
    0x20000a50        -       0x00000c00   Zero   RW         6197    .bss                heap_4.o
    0x20001650        -       0x00000400   Zero   RW            1    STACK               startup_stm32f103xb.o


==============================================================================

Image component sizes


      Code (inc. data)   RO Data    RW Data    ZI Data      Debug   Object Name

       278         10          0          0          0      27013   cmsis_os.o
       468         40          0          8          0       5357   dht.o
       148         22          0          0          0       3601   diskio.o
       624        152          0         20        256      10165   ds3231.o
         0          0          0          0          0      16732   event_groups.o
        32         10          0          5          0       1508   fatfs.o
      1544         62          0          3          0      11823   fatfs_sd.o
      5306         82        156          8         32      43842   ff.o
        70          4          0          0         12       1591   ff_gen_drv.o
      1212        662          0         12       1148      20069   file_handling_rtos.o
         0          0          0          0          0     467780   freertos.o
       460         24          0         24       3072       7255   heap_4.o
       132          0          0          0          0       2880   list.o
      1686        120        101         76        540     460422   main.o
       382         44          0         12          0       6380   port.o
      1736         18          0          0         64      16776   queue.o
        36          8        236          0       1024        804   startup_stm32f103xb.o
       100         18          0         12          0       5262   stm32f1xx_hal.o
      1278         54          0          0          0       7239   stm32f1xx_hal_adc.o
       158         14          0          0          0      28198   stm32f1xx_hal_cortex.o
       152          4          0          0          0       1107   stm32f1xx_hal_dma.o
       516         34          0          0          0       4140   stm32f1xx_hal_gpio.o
      2228         54          0          0          0      13456   stm32f1xx_hal_i2c.o
       708         82          0          0          0       4502   stm32f1xx_hal_msp.o
      1348        116          0          0          0       6293   stm32f1xx_hal_rcc.o
       436         46          0          0          0       2537   stm32f1xx_hal_rcc_ex.o
      1240          4          0          0          0       6767   stm32f1xx_hal_spi.o
       972         26          0          0          0       9697   stm32f1xx_hal_tim.o
       108         12          0          0          0       2385   stm32f1xx_hal_tim_ex.o
       116         14          0          0         72       1431   stm32f1xx_hal_timebase_tim.o
      1098         10          0          0          0       8739   stm32f1xx_hal_uart.o
       112         28          0          3          0       5236   stm32f1xx_it.o
        62          0          0          0          0      17916   syscall.o
         2          0         24          4          0       1127   system_stm32f1xx.o
      1476        116          0         60        240      16950   tasks.o
        20          0          0         20          0       3816   user_diskio.o

    ----------------------------------------------------------------------
     26296       1890        552        272       6460    1250796   Object Totals
         0          0         32          0          0          0   (incl. Generated)
        52          0          3          5          0          0   (incl. Padding)

    ----------------------------------------------------------------------

      Code (inc. data)   RO Data    RW Data    ZI Data      Debug   Library Member Name

        28          0          0          0          0         68   _chval.o
       158          0          0          0          0         92   _strtoul.o
        26          0          0          0          0         80   atoi.o
         8          4        133          0          0         68   ctype_o.o
         0          0          0          0          0          0   entry.o
         0          0          0          0          0          0   entry10a.o
         0          0          0          0          0          0   entry11a.o
         4          0          0          0          0          0   entry12b.o
         8          4          0          0          0          0   entry2.o
         4          0          0          0          0          0   entry5.o
         0          0          0          0          0          0   entry7b.o
         0          0          0          0          0          0   entry8b.o
         8          4          0          0          0          0   entry9a.o
         8          4          0          4          0         68   errno.o
        30          0          0          0          0          0   handlers.o
        36          8          0          0          0         68   init.o
         0          0          0          0          0          0   iusefp.o
        30          0          0          0          0         68   llshl.o
        36          0          0          0          0         68   llsshr.o
        32          0          0          0          0         68   llushr.o
        36          0          0          0          0         68   memcpya.o
        36          0          0          0          0        108   memseta.o
      2236         86          0          0          0        532   printfa.o
        28          0          0          0          0         76   strcmp.o
        14          0          0          0          0         68   strlen.o
       112          0          0          0          0         88   strtol.o
        44          0          0          0          0         80   uidiv.o
        98          0          0          0          0         92   uldiv.o
        48          0          0          0          0         68   cdrcmple.o
        56          0          0          0          0         88   d2f.o
       334          0          0          0          0        148   dadd.o
       222          0          0          0          0        100   ddiv.o
       186          0          0          0          0        176   depilogue.o
        48          0          0          0          0         68   dfixul.o
        26          0          0          0          0         76   dfltui.o
       228          0          0          0          0         96   dmul.o
        38          0          0          0          0         68   f2d.o
       176          0          0          0          0        140   fadd.o
       124          0          0          0          0         88   fdiv.o
       110          0          0          0          0        168   fepilogue.o
        10          0          0          0          0         68   ffltui.o

    ----------------------------------------------------------------------
      4632        110        136          4          0       3112   Library Totals
         6          0          3          0          0          0   (incl. Padding)

    ----------------------------------------------------------------------

      Code (inc. data)   RO Data    RW Data    ZI Data      Debug   Library Name

      3020        110        133          4          0       1760   mc_w.l
      1606          0          0          0          0       1352   mf_w.l

    ----------------------------------------------------------------------
      4632        110        136          4          0       3112   Library Totals

    ----------------------------------------------------------------------

==============================================================================


      Code (inc. data)   RO Data    RW Data    ZI Data      Debug   

     30928       2000        688        276       6460    1239032   Grand Totals
     30928       2000        688        276       6460    1239032   ELF Image Totals
     30928       2000        688        276          0          0   ROM Totals

==============================================================================

    Total RO  Size (Code + RO Data)                31616 (  30.88kB)
    Total RW  Size (RW Data + ZI Data)              6736 (   6.58kB)
    Total ROM Size (Code + RO Data + RW Data)      31892 (  31.14kB)

==============================================================================

